Archive member included to satisfy reference by file (symbol)

C:/Users/HP/OneDrive/Skrivbord/STM32CubeIDE_1.19.0/STM32CubeIDE/plugins/com.st.stm32cube.ide.mcu.externaltools.gnu-tools-for-stm32.13.3.rel1.win32_1.0.0.202411081344/tools/bin/../lib/gcc/arm-none-eabi/13.3.1/../../../../arm-none-eabi/lib/thumb/v8-m.main+fp/hard\libc_nano.a(libc_a-exit.o)
                              C:/Users/HP/OneDrive/Skrivbord/STM32CubeIDE_1.19.0/STM32CubeIDE/plugins/com.st.stm32cube.ide.mcu.externaltools.gnu-tools-for-stm32.13.3.rel1.win32_1.0.0.202411081344/tools/bin/../lib/gcc/arm-none-eabi/13.3.1/../../../../arm-none-eabi/lib/thumb/v8-m.main+fp/hard/crt0.o (exit)
C:/Users/HP/OneDrive/Skrivbord/STM32CubeIDE_1.19.0/STM32CubeIDE/plugins/com.st.stm32cube.ide.mcu.externaltools.gnu-tools-for-stm32.13.3.rel1.win32_1.0.0.202411081344/tools/bin/../lib/gcc/arm-none-eabi/13.3.1/../../../../arm-none-eabi/lib/thumb/v8-m.main+fp/hard\libc_nano.a(libc_a-findfp.o)
                              C:/Users/HP/OneDrive/Skrivbord/STM32CubeIDE_1.19.0/STM32CubeIDE/plugins/com.st.stm32cube.ide.mcu.externaltools.gnu-tools-for-stm32.13.3.rel1.win32_1.0.0.202411081344/tools/bin/../lib/gcc/arm-none-eabi/13.3.1/../../../../arm-none-eabi/lib/thumb/v8-m.main+fp/hard\libc_nano.a(libc_a-exit.o) (__stdio_exit_handler)
C:/Users/HP/OneDrive/Skrivbord/STM32CubeIDE_1.19.0/STM32CubeIDE/plugins/com.st.stm32cube.ide.mcu.externaltools.gnu-tools-for-stm32.13.3.rel1.win32_1.0.0.202411081344/tools/bin/../lib/gcc/arm-none-eabi/13.3.1/../../../../arm-none-eabi/lib/thumb/v8-m.main+fp/hard\libc_nano.a(libc_a-fwalk.o)
                              C:/Users/HP/OneDrive/Skrivbord/STM32CubeIDE_1.19.0/STM32CubeIDE/plugins/com.st.stm32cube.ide.mcu.externaltools.gnu-tools-for-stm32.13.3.rel1.win32_1.0.0.202411081344/tools/bin/../lib/gcc/arm-none-eabi/13.3.1/../../../../arm-none-eabi/lib/thumb/v8-m.main+fp/hard\libc_nano.a(libc_a-findfp.o) (_fwalk_sglue)
C:/Users/HP/OneDrive/Skrivbord/STM32CubeIDE_1.19.0/STM32CubeIDE/plugins/com.st.stm32cube.ide.mcu.externaltools.gnu-tools-for-stm32.13.3.rel1.win32_1.0.0.202411081344/tools/bin/../lib/gcc/arm-none-eabi/13.3.1/../../../../arm-none-eabi/lib/thumb/v8-m.main+fp/hard\libc_nano.a(libc_a-printf.o)
                              ./Core/Src/main.o (printf)
C:/Users/HP/OneDrive/Skrivbord/STM32CubeIDE_1.19.0/STM32CubeIDE/plugins/com.st.stm32cube.ide.mcu.externaltools.gnu-tools-for-stm32.13.3.rel1.win32_1.0.0.202411081344/tools/bin/../lib/gcc/arm-none-eabi/13.3.1/../../../../arm-none-eabi/lib/thumb/v8-m.main+fp/hard\libc_nano.a(libc_a-stdio.o)
                              C:/Users/HP/OneDrive/Skrivbord/STM32CubeIDE_1.19.0/STM32CubeIDE/plugins/com.st.stm32cube.ide.mcu.externaltools.gnu-tools-for-stm32.13.3.rel1.win32_1.0.0.202411081344/tools/bin/../lib/gcc/arm-none-eabi/13.3.1/../../../../arm-none-eabi/lib/thumb/v8-m.main+fp/hard\libc_nano.a(libc_a-findfp.o) (__sread)
C:/Users/HP/OneDrive/Skrivbord/STM32CubeIDE_1.19.0/STM32CubeIDE/plugins/com.st.stm32cube.ide.mcu.externaltools.gnu-tools-for-stm32.13.3.rel1.win32_1.0.0.202411081344/tools/bin/../lib/gcc/arm-none-eabi/13.3.1/../../../../arm-none-eabi/lib/thumb/v8-m.main+fp/hard\libc_nano.a(libc_a-memset.o)
                              C:/Users/HP/OneDrive/Skrivbord/STM32CubeIDE_1.19.0/STM32CubeIDE/plugins/com.st.stm32cube.ide.mcu.externaltools.gnu-tools-for-stm32.13.3.rel1.win32_1.0.0.202411081344/tools/bin/../lib/gcc/arm-none-eabi/13.3.1/../../../../arm-none-eabi/lib/thumb/v8-m.main+fp/hard/crt0.o (memset)
C:/Users/HP/OneDrive/Skrivbord/STM32CubeIDE_1.19.0/STM32CubeIDE/plugins/com.st.stm32cube.ide.mcu.externaltools.gnu-tools-for-stm32.13.3.rel1.win32_1.0.0.202411081344/tools/bin/../lib/gcc/arm-none-eabi/13.3.1/../../../../arm-none-eabi/lib/thumb/v8-m.main+fp/hard\libc_nano.a(libc_a-closer.o)
                              C:/Users/HP/OneDrive/Skrivbord/STM32CubeIDE_1.19.0/STM32CubeIDE/plugins/com.st.stm32cube.ide.mcu.externaltools.gnu-tools-for-stm32.13.3.rel1.win32_1.0.0.202411081344/tools/bin/../lib/gcc/arm-none-eabi/13.3.1/../../../../arm-none-eabi/lib/thumb/v8-m.main+fp/hard\libc_nano.a(libc_a-stdio.o) (_close_r)
C:/Users/HP/OneDrive/Skrivbord/STM32CubeIDE_1.19.0/STM32CubeIDE/plugins/com.st.stm32cube.ide.mcu.externaltools.gnu-tools-for-stm32.13.3.rel1.win32_1.0.0.202411081344/tools/bin/../lib/gcc/arm-none-eabi/13.3.1/../../../../arm-none-eabi/lib/thumb/v8-m.main+fp/hard\libc_nano.a(libc_a-reent.o)
                              C:/Users/HP/OneDrive/Skrivbord/STM32CubeIDE_1.19.0/STM32CubeIDE/plugins/com.st.stm32cube.ide.mcu.externaltools.gnu-tools-for-stm32.13.3.rel1.win32_1.0.0.202411081344/tools/bin/../lib/gcc/arm-none-eabi/13.3.1/../../../../arm-none-eabi/lib/thumb/v8-m.main+fp/hard\libc_nano.a(libc_a-closer.o) (errno)
[...]
Memory Configuration

Name             Origin             Length             Attributes
RAM              0x20000000         0x000c0000         xrw
SRAM4            0x28000000         0x00004000         xrw
FLASH            0x08000000         0x00200000         xr
*default*        0x00000000         0xffffffff

Linker script and memory map

LOAD C:/Users/HP/OneDrive/Skrivbord/STM32CubeIDE_1.19.0/STM32CubeIDE/plugins/com.st.stm32cube.ide.mcu.externaltools.gnu-tools-for-stm32.13.3.rel1.win32_1.0.0.202411081344/tools/bin/../lib/gcc/arm-none-eabi/13.3.1/thumb/v8-m.main+fp/hard/crti.o
LOAD C:/Users/HP/OneDrive/Skrivbord/STM32CubeIDE_1.19.0/STM32CubeIDE/plugins/com.st.stm32cube.ide.mcu.externaltools.gnu-tools-for-stm32.13.3.rel1.win32_1.0.0.202411081344/tools/bin/../lib/gcc/arm-none-eabi/13.3.1/thumb/v8-m.main+fp/hard/crtbegin.o
LOAD C:/Users/HP/OneDrive/Skrivbord/STM32CubeIDE_1.19.0/STM32CubeIDE/plugins/com.st.stm32cube.ide.mcu.externaltools.gnu-tools-for-stm32.13.3.rel1.win32_1.0.0.202411081344/tools/bin/../lib/gcc/arm-none-eabi/13.3.1/../../../../arm-none-eabi/lib/thumb/v8-m.main+fp/hard/crt0.o
LOAD ./Core/Src/b_u585i_iot02a_bus.o
LOAD ./Core/Src/b_u585i_iot02a_motion_sensors.o
LOAD ./Core/Src/iis2mdc.o
LOAD ./Core/Src/iis2mdc_reg.o
LOAD ./Core/Src/ism330dhcx.o
LOAD ./Core/Src/ism330dhcx_reg.o
LOAD ./Core/Src/main.o
LOAD ./Core/Src/stm32u5xx_hal_msp.o
LOAD ./Core/Src/stm32u5xx_it.o
LOAD ./Core/Src/syscalls.o
LOAD ./Core/Src/sysmem.o
LOAD ./Core/Src/system_stm32u5xx.o
LOAD ./Core/Startup/startup_stm32u585aiixq.o
LOAD ./Drivers/STM32U5xx_HAL_Driver/Src/stm32u5xx_hal.o
LOAD ./Drivers/STM32U5xx_HAL_Driver/Src/stm32u5xx_hal_cortex.o
LOAD ./Drivers/STM32U5xx_HAL_Driver/Src/stm32u5xx_hal_dma.o
LOAD ./Drivers/STM32U5xx_HAL_Driver/Src/stm32u5xx_hal_dma_ex.o
LOAD ./Drivers/STM32U5xx_HAL_Driver/Src/stm32u5xx_hal_exti.o
LOAD ./Drivers/STM32U5xx_HAL_Driver/Src/stm32u5xx_hal_flash.o
LOAD ./Drivers/STM32U5xx_HAL_Driver/Src/stm32u5xx_hal_flash_ex.o
LOAD ./Drivers/STM32U5xx_HAL_Driver/Src/stm32u5xx_hal_gpio.o
LOAD ./Drivers/STM32U5xx_HAL_Driver/Src/stm32u5xx_hal_gtzc.o
LOAD ./Drivers/STM32U5xx_HAL_Driver/Src/stm32u5xx_hal_i2c.o
LOAD ./Drivers/STM32U5xx_HAL_Driver/Src/stm32u5xx_hal_i2c_ex.o
LOAD ./Drivers/STM32U5xx_HAL_Driver/Src/stm32u5xx_hal_icache.o
LOAD ./Drivers/STM32U5xx_HAL_Driver/Src/stm32u5xx_hal_mdf.o
LOAD ./Drivers/STM32U5xx_HAL_Driver/Src/stm32u5xx_hal_ospi.o
LOAD ./Drivers/STM32U5xx_HAL_Driver/Src/stm32u5xx_hal_pcd.o
LOAD ./Drivers/STM32U5xx_HAL_Driver/Src/stm32u5xx_hal_pcd_ex.o
LOAD ./Drivers/STM32U5xx_HAL_Driver/Src/stm32u5xx_hal_pwr.o
LOAD ./Drivers/STM32U5xx_HAL_Driver/Src/stm32u5xx_hal_pwr_ex.o
LOAD ./Drivers/STM32U5xx_HAL_Driver/Src/stm32u5xx_hal_rcc.o
LOAD ./Drivers/STM32U5xx_HAL_Driver/Src/stm32u5xx_hal_rcc_ex.o
LOAD ./Drivers/STM32U5xx_HAL_Driver/Src/stm32u5xx_hal_spi.o
LOAD ./Drivers/STM32U5xx_HAL_Driver/Src/stm32u5xx_hal_spi_ex.o
LOAD ./Drivers/STM32U5xx_HAL_Driver/Src/stm32u5xx_hal_uart.o
LOAD ./Drivers/STM32U5xx_HAL_Driver/Src/stm32u5xx_hal_uart_ex.o
LOAD ./Drivers/STM32U5xx_HAL_Driver/Src/stm32u5xx_ll_dlyb.o
LOAD ./Drivers/STM32U5xx_HAL_Driver/Src/stm32u5xx_ll_dma.o
LOAD ./Drivers/STM32U5xx_HAL_Driver/Src/stm32u5xx_ll_exti.o
LOAD ./Drivers/STM32U5xx_HAL_Driver/Src/stm32u5xx_ll_gpio.o
LOAD ./Drivers/STM32U5xx_HAL_Driver/Src/stm32u5xx_ll_lpgpio.o
LOAD ./Drivers/STM32U5xx_HAL_Driver/Src/stm32u5xx_ll_ucpd.o
LOAD ./Drivers/STM32U5xx_HAL_Driver/Src/stm32u5xx_ll_usb.o
LOAD ./Drivers/STM32U5xx_HAL_Driver/Src/stm32u5xx_ll_utils.o
START GROUP
LOAD C:/Users/HP/OneDrive/Skrivbord/STM32CubeIDE_1.19.0/STM32CubeIDE/plugins/com.st.stm32cube.ide.mcu.externaltools.gnu-tools-for-stm32.13.3.rel1.win32_1.0.0.202411081344/tools/bin/../lib/gcc/arm-none-eabi/13.3.1/../../../../arm-none-eabi/lib/thumb/v8-m.main+fp/hard\libc_nano.a
LOAD C:/Users/HP/OneDrive/Skrivbord/STM32CubeIDE_1.19.0/STM32CubeIDE/plugins/com.st.stm32cube.ide.mcu.externaltools.gnu-tools-for-stm32.13.3.rel1.win32_1.0.0.202411081344/tools/bin/../lib/gcc/arm-none-eabi/13.3.1/../../../../arm-none-eabi/lib/thumb/v8-m.main+fp/hard\libm.a
END GROUP
START GROUP
LOAD C:/Users/HP/OneDrive/Skrivbord/STM32CubeIDE_1.19.0/STM32CubeIDE/plugins/com.st.stm32cube.ide.mcu.externaltools.gnu-tools-for-stm32.13.3.rel1.win32_1.0.0.202411081344/tools/bin/../lib/gcc/arm-none-eabi/13.3.1/thumb/v8-m.main+fp/hard\libgcc.a
LOAD C:/Users/HP/OneDrive/Skrivbord/STM32CubeIDE_1.19.0/STM32CubeIDE/plugins/com.st.stm32cube.ide.mcu.externaltools.gnu-tools-for-stm32.13.3.rel1.win32_1.0.0.202411081344/tools/bin/../lib/gcc/arm-none-eabi/13.3.1/../../../../arm-none-eabi/lib/thumb/v8-m.main+fp/hard\libc_nano.a
END GROUP
START GROUP
LOAD C:/Users/HP/OneDrive/Skrivbord/STM32CubeIDE_1.19.0/STM32CubeIDE/plugins/com.st.stm32cube.ide.mcu.externaltools.gnu-tools-for-stm32.13.3.rel1.win32_1.0.0.202411081344/tools/bin/../lib/gcc/arm-none-eabi/13.3.1/thumb/v8-m.main+fp/hard\libgcc.a
LOAD C:/Users/HP/OneDrive/Skrivbord/STM32CubeIDE_1.19.0/STM32CubeIDE/plugins/com.st.stm32cube.ide.mcu.externaltools.gnu-tools-for-stm32.13.3.rel1.win32_1.0.0.202411081344/tools/bin/../lib/gcc/arm-none-eabi/13.3.1/../../../../arm-none-eabi/lib/thumb/v8-m.main+fp/hard\libc_nano.a
LOAD C:/Users/HP/OneDrive/Skrivbord/STM32CubeIDE_1.19.0/STM32CubeIDE/plugins/com.st.stm32cube.ide.mcu.externaltools.gnu-tools-for-stm32.13.3.rel1.win32_1.0.0.202411081344/tools/bin/../lib/gcc/arm-none-eabi/13.3.1/../../../../arm-none-eabi/lib/thumb/v8-m.main+fp/hard\libnosys.a
END GROUP
START GROUP
LOAD C:/Users/HP/OneDrive/Skrivbord/STM32CubeIDE_1.19.0/STM32CubeIDE/plugins/com.st.stm32cube.ide.mcu.externaltools.gnu-tools-for-stm32.13.3.rel1.win32_1.0.0.202411081344/tools/bin/../lib/gcc/arm-none-eabi/13.3.1/thumb/v8-m.main+fp/hard\libgcc.a
LOAD C:/Users/HP/OneDrive/Skrivbord/STM32CubeIDE_1.19.0/STM32CubeIDE/plugins/com.st.stm32cube.ide.mcu.externaltools.gnu-tools-for-stm32.13.3.rel1.win32_1.0.0.202411081344/tools/bin/../lib/gcc/arm-none-eabi/13.3.1/../../../../arm-none-eabi/lib/thumb/v8-m.main+fp/hard\libc_nano.a
LOAD C:/Users/HP/OneDrive/Skrivbord/STM32CubeIDE_1.19.0/STM32CubeIDE/plugins/com.st.stm32cube.ide.mcu.externaltools.gnu-tools-for-stm32.13.3.rel1.win32_1.0.0.202411081344/tools/bin/../lib/gcc/arm-none-eabi/13.3.1/../../../../arm-none-eabi/lib/thumb/v8-m.main+fp/hard\libnosys.a
END GROUP
LOAD C:/Users/HP/OneDrive/Skrivbord/STM32CubeIDE_1.19.0/STM32CubeIDE/plugins/com.st.stm32cube.ide.mcu.externaltools.gnu-tools-for-stm32.13.3.rel1.win32_1.0.0.202411081344/tools/bin/../lib/gcc/arm-none-eabi/13.3.1/thumb/v8-m.main+fp/hard/crtend.o
LOAD C:/Users/HP/OneDrive/Skrivbord/STM32CubeIDE_1.19.0/STM32CubeIDE/plugins/com.st.stm32cube.ide.mcu.externaltools.gnu-tools-for-stm32.13.3.rel1.win32_1.0.0.202411081344/tools/bin/../lib/gcc/arm-none-eabi/13.3.1/thumb/v8-m.main+fp/hard/crtn.o
                0x200c0000                        _estack = (ORIGIN (RAM) + LENGTH (RAM))
                0x00000200                        _Min_Heap_Size = 0x200
                0x00000400                        _Min_Stack_Size = 0x400

.isr_vector     0x08000000      0x238
 *(.isr_vector)
 .isr_vector    0x08000000      0x238 ./Core/Startup/startup_stm32u585aiixq.o
                0x08000000                g_pfnVectors

.text           0x08000238     0xe4f4
 *(.text)
 .text          0x08000238       0x40 C:/Users/HP/OneDrive/Skrivbord/STM32CubeIDE_1.19.0/STM32CubeIDE/plugins/com.st.stm32cube.ide.mcu.externaltools.gnu-tools-for-stm32.13.3.rel1.win32_1.0.0.202411081344/tools/bin/../lib/gcc/arm-none-eabi/13.3.1/thumb/v8-m.main+fp/hard/crtbegin.o
 .text          0x08000278       0x30 C:/Users/HP/OneDrive/Skrivbord/STM32CubeIDE_1.19.0/STM32CubeIDE/plugins/com.st.stm32cube.ide.mcu.externaltools.gnu-tools-for-stm32.13.3.rel1.win32_1.0.0.202411081344/tools/bin/../lib/gcc/arm-none-eabi/13.3.1/thumb/v8-m.main+fp/hard\libgcc.a(_aeabi_uldivmod.o)
                0x08000278                __aeabi_uldivmod
 .text          0x080002a8      0x348 C:/Users/HP/OneDrive/Skrivbord/STM32CubeIDE_1.19.0/STM32CubeIDE/plugins/com.st.stm32cube.ide.mcu.externaltools.gnu-tools-for-stm32.13.3.rel1.win32_1.0.0.202411081344/tools/bin/../lib/gcc/arm-none-eabi/13.3.1/thumb/v8-m.main+fp/hard\libgcc.a(_udivmoddi4.o)
                0x080002a8                __udivmoddi4
 .text          0x080005f0        0x4 C:/Users/HP/OneDrive/Skrivbord/STM32CubeIDE_1.19.0/STM32CubeIDE/plugins/com.st.stm32cube.ide.mcu.externaltools.gnu-tools-for-stm32.13.3.rel1.win32_1.0.0.202411081344/tools/bin/../lib/gcc/arm-none-eabi/13.3.1/thumb/v8-m.main+fp/hard\libgcc.a(_dvmd_tls.o)
                0x080005f0                __aeabi_idiv0
                0x080005f0                __aeabi_ldiv0
 *(.text*)
 .text.BSP_I2C2_Init
                0x080005f4       0x74 ./Core/Src/b_u585i_iot02a_bus.o
                0x080005f4                BSP_I2C2_Init
 .text.BSP_I2C2_DeInit
                0x08000668       0x48 ./Core/Src/b_u585i_iot02a_bus.o
                0x08000668                BSP_I2C2_DeInit
 .text.MX_I2C2_Init
                0x080006b0       0x84 ./Core/Src/b_u585i_iot02a_bus.o
                0x080006b0                MX_I2C2_Init
 .text.BSP_I2C2_WriteReg
                0x08000734       0x5c ./Core/Src/b_u585i_iot02a_bus.o
                0x08000734                BSP_I2C2_WriteReg
 .text.BSP_I2C2_ReadReg
                0x08000790       0x5c ./Core/Src/b_u585i_iot02a_bus.o
                0x08000790                BSP_I2C2_ReadReg
 .text.BSP_GetTick
                0x080007ec        0xe ./Core/Src/b_u585i_iot02a_bus.o
                0x080007ec                BSP_GetTick
 *fill*         0x080007fa        0x2 
 .text.I2C_GetTiming
                0x080007fc      0x100 ./Core/Src/b_u585i_iot02a_bus.o
 .text.I2C_Compute_PRESC_SCLDEL_SDADEL
                0x080008fc      0x1dc ./Core/Src/b_u585i_iot02a_bus.o
 .text.I2C_Compute_SCLL_SCLH
                0x08000ad8      0x210 ./Core/Src/b_u585i_iot02a_bus.o
 .text.I2C2_MspInit
                0x08000ce8       0xcc ./Core/Src/b_u585i_iot02a_bus.o
 .text.I2C2_MspDeInit
                0x08000db4       0x44 ./Core/Src/b_u585i_iot02a_bus.o
 .text.I2C2_WriteReg
                0x08000df8       0x4c ./Core/Src/b_u585i_iot02a_bus.o
 .text.I2C2_ReadReg
                0x08000e44       0x4c ./Core/Src/b_u585i_iot02a_bus.o
 .text.BSP_MOTION_SENSOR_Init
                0x08000e90       0x98 ./Core/Src/b_u585i_iot02a_motion_sensors.o
                0x08000e90                BSP_MOTION_SENSOR_Init
 .text.BSP_MOTION_SENSOR_Enable
                0x08000f28       0xb8 ./Core/Src/b_u585i_iot02a_motion_sensors.o
                0x08000f28                BSP_MOTION_SENSOR_Enable
 .text.BSP_MOTION_SENSOR_GetAxes
                0x08000fe0       0xc0 ./Core/Src/b_u585i_iot02a_motion_sensors.o
                0x08000fe0                BSP_MOTION_SENSOR_GetAxes
 .text.ISM330DHCX_Probe
                0x080010a0       0xec ./Core/Src/b_u585i_iot02a_motion_sensors.o
 .text.IIS2MDC_Probe
                0x0800118c       0xd8 ./Core/Src/b_u585i_iot02a_motion_sensors.o
 .text.IIS2MDC_RegisterBusIO
                0x08001264       0xd0 ./Core/Src/iis2mdc.o
                0x08001264                IIS2MDC_RegisterBusIO
 .text.IIS2MDC_Init
                0x08001334       0x7a ./Core/Src/iis2mdc.o
                0x08001334                IIS2MDC_Init
 .text.IIS2MDC_DeInit
                0x080013ae       0x2c ./Core/Src/iis2mdc.o
                0x080013ae                IIS2MDC_DeInit
 .text.IIS2MDC_ReadID
                0x080013da       0x2c ./Core/Src/iis2mdc.o
                0x080013da                IIS2MDC_ReadID
 *fill*         0x08001406        0x2 
 .text.IIS2MDC_GetCapabilities
                0x08001408       0x5c ./Core/Src/iis2mdc.o
                0x08001408                IIS2MDC_GetCapabilities
 .text.IIS2MDC_MAG_Enable
                0x08001464       0x40 ./Core/Src/iis2mdc.o
                0x08001464                IIS2MDC_MAG_Enable
 .text.IIS2MDC_MAG_Disable
                0x080014a4       0x40 ./Core/Src/iis2mdc.o
                0x080014a4                IIS2MDC_MAG_Disable
 .text.IIS2MDC_MAG_GetSensitivity
                0x080014e4       0x20 ./Core/Src/iis2mdc.o
                0x080014e4                IIS2MDC_MAG_GetSensitivity
 .text.IIS2MDC_MAG_GetOutputDataRate
                0x08001504       0x8c ./Core/Src/iis2mdc.o
                0x08001504                IIS2MDC_MAG_GetOutputDataRate
 .text.IIS2MDC_MAG_SetOutputDataRate
                0x08001590       0x7c ./Core/Src/iis2mdc.o
                0x08001590                IIS2MDC_MAG_SetOutputDataRate
 .text.IIS2MDC_MAG_GetFullScale
                0x0800160c       0x1e ./Core/Src/iis2mdc.o
                0x0800160c                IIS2MDC_MAG_GetFullScale
 .text.IIS2MDC_MAG_SetFullScale
                0x0800162a       0x18 ./Core/Src/iis2mdc.o
                0x0800162a                IIS2MDC_MAG_SetFullScale
 .text.IIS2MDC_MAG_GetAxesRaw
                0x08001642       0x48 ./Core/Src/iis2mdc.o
                0x08001642                IIS2MDC_MAG_GetAxesRaw
 .text.IIS2MDC_MAG_GetAxes
                0x0800168a       0x9c ./Core/Src/iis2mdc.o
                0x0800168a                IIS2MDC_MAG_GetAxes
 .text.ReadMagRegWrap
                0x08001726       0x62 ./Core/Src/iis2mdc.o
 .text.WriteMagRegWrap
                0x08001788       0x62 ./Core/Src/iis2mdc.o
 .text.iis2mdc_read_reg
                0x080017ea       0x30 ./Core/Src/iis2mdc_reg.o
                0x080017ea                iis2mdc_read_reg
 .text.iis2mdc_write_reg
                0x0800181a       0x30 ./Core/Src/iis2mdc_reg.o
                0x0800181a                iis2mdc_write_reg
 .text.iis2mdc_operating_mode_set
                0x0800184a       0x4c ./Core/Src/iis2mdc_reg.o
                0x0800184a                iis2mdc_operating_mode_set
 .text.iis2mdc_data_rate_set
                0x08001896       0x4c ./Core/Src/iis2mdc_reg.o
                0x08001896                iis2mdc_data_rate_set
 *fill*         0x080018e2        0x2 
 .text.iis2mdc_data_rate_get
                0x080018e4       0x70 ./Core/Src/iis2mdc_reg.o
                0x080018e4                iis2mdc_data_rate_get
 .text.iis2mdc_block_data_update_set
                0x08001954       0x4c ./Core/Src/iis2mdc_reg.o
                0x08001954                iis2mdc_block_data_update_set
 .text.iis2mdc_magnetic_raw_get
                0x080019a0       0x90 ./Core/Src/iis2mdc_reg.o
                0x080019a0                iis2mdc_magnetic_raw_get
 .text.iis2mdc_device_id_get
                0x08001a30       0x22 ./Core/Src/iis2mdc_reg.o
                0x08001a30                iis2mdc_device_id_get
 .text.iis2mdc_self_test_set
                0x08001a52       0x4c ./Core/Src/iis2mdc_reg.o
                0x08001a52                iis2mdc_self_test_set
 .text.iis2mdc_i2c_interface_set
                0x08001a9e       0x4c ./Core/Src/iis2mdc_reg.o
                0x08001a9e                iis2mdc_i2c_interface_set
 *fill*         0x08001aea        0x2 
 .text.ISM330DHCX_RegisterBusIO
                0x08001aec       0xd4 ./Core/Src/ism330dhcx.o
                0x08001aec                ISM330DHCX_RegisterBusIO
 .text.ISM330DHCX_Init
                0x08001bc0      0x11a ./Core/Src/ism330dhcx.o
                0x08001bc0                ISM330DHCX_Init
 .text.ISM330DHCX_DeInit
                0x08001cda       0x4e ./Core/Src/ism330dhcx.o
                0x08001cda                ISM330DHCX_DeInit
 .text.ISM330DHCX_ReadID
                0x08001d28       0x2c ./Core/Src/ism330dhcx.o
                0x08001d28                ISM330DHCX_ReadID
 .text.ISM330DHCX_GetCapabilities
                0x08001d54       0x5c ./Core/Src/ism330dhcx.o
                0x08001d54                ISM330DHCX_GetCapabilities
 .text.ISM330DHCX_ACC_Enable
                0x08001db0       0x48 ./Core/Src/ism330dhcx.o
                0x08001db0                ISM330DHCX_ACC_Enable
 .text.ISM330DHCX_ACC_Disable
                0x08001df8       0x5e ./Core/Src/ism330dhcx.o
                0x08001df8                ISM330DHCX_ACC_Disable
 *fill*         0x08001e56        0x2 
 .text.ISM330DHCX_ACC_GetSensitivity
                0x08001e58       0x8c ./Core/Src/ism330dhcx.o
                0x08001e58                ISM330DHCX_ACC_GetSensitivity
 .text.ISM330DHCX_ACC_GetOutputDataRate
                0x08001ee4       0xf8 ./Core/Src/ism330dhcx.o
                0x08001ee4                ISM330DHCX_ACC_GetOutputDataRate
 .text.ISM330DHCX_ACC_SetOutputDataRate
                0x08001fdc       0x38 ./Core/Src/ism330dhcx.o
                0x08001fdc                ISM330DHCX_ACC_SetOutputDataRate
 .text.ISM330DHCX_ACC_GetFullScale
                0x08002014       0x7c ./Core/Src/ism330dhcx.o
                0x08002014                ISM330DHCX_ACC_GetFullScale
 .text.ISM330DHCX_ACC_SetFullScale
                0x08002090       0x50 ./Core/Src/ism330dhcx.o
                0x08002090                ISM330DHCX_ACC_SetFullScale
 .text.ISM330DHCX_ACC_GetAxesRaw
                0x080020e0       0x48 ./Core/Src/ism330dhcx.o
                0x080020e0                ISM330DHCX_ACC_GetAxesRaw
 .text.ISM330DHCX_ACC_GetAxes
                0x08002128       0xae ./Core/Src/ism330dhcx.o
                0x08002128                ISM330DHCX_ACC_GetAxes
 .text.ISM330DHCX_GYRO_Enable
                0x080021d6       0x48 ./Core/Src/ism330dhcx.o
                0x080021d6                ISM330DHCX_GYRO_Enable
 .text.ISM330DHCX_GYRO_Disable
                0x0800221e       0x5e ./Core/Src/ism330dhcx.o
                0x0800221e                ISM330DHCX_GYRO_Disable
 .text.ISM330DHCX_GYRO_GetSensitivity
                0x0800227c       0xc8 ./Core/Src/ism330dhcx.o
                0x0800227c                ISM330DHCX_GYRO_GetSensitivity
 .text.ISM330DHCX_GYRO_GetOutputDataRate
                0x08002344       0xf8 ./Core/Src/ism330dhcx.o
                0x08002344                ISM330DHCX_GYRO_GetOutputDataRate
 .text.ISM330DHCX_GYRO_SetOutputDataRate
                0x0800243c       0x38 ./Core/Src/ism330dhcx.o
                0x0800243c                ISM330DHCX_GYRO_SetOutputDataRate
 .text.ISM330DHCX_GYRO_GetFullScale
                0x08002474       0xb8 ./Core/Src/ism330dhcx.o
                0x08002474                ISM330DHCX_GYRO_GetFullScale
 .text.ISM330DHCX_GYRO_SetFullScale
                0x0800252c       0x6a ./Core/Src/ism330dhcx.o
                0x0800252c                ISM330DHCX_GYRO_SetFullScale
 .text.ISM330DHCX_GYRO_GetAxesRaw
                0x08002596       0x48 ./Core/Src/ism330dhcx.o
                0x08002596                ISM330DHCX_GYRO_GetAxesRaw
 .text.ISM330DHCX_GYRO_GetAxes
                0x080025de       0xa8 ./Core/Src/ism330dhcx.o
                0x080025de                ISM330DHCX_GYRO_GetAxes
 .text.ISM330DHCX_Write_Reg
                0x08002686       0x36 ./Core/Src/ism330dhcx.o
                0x08002686                ISM330DHCX_Write_Reg
 .text.ISM330DHCX_ACC_SetOutputDataRate_When_Enabled
                0x080026bc      0x118 ./Core/Src/ism330dhcx.o
 .text.ISM330DHCX_ACC_SetOutputDataRate_When_Disabled
                0x080027d4      0x104 ./Core/Src/ism330dhcx.o
 .text.ISM330DHCX_GYRO_SetOutputDataRate_When_Enabled
                0x080028d8      0x118 ./Core/Src/ism330dhcx.o
 .text.ISM330DHCX_GYRO_SetOutputDataRate_When_Disabled
                0x080029f0      0x104 ./Core/Src/ism330dhcx.o
 .text.ReadRegWrap
                0x08002af4       0x36 ./Core/Src/ism330dhcx.o
 .text.WriteRegWrap
                0x08002b2a       0x36 ./Core/Src/ism330dhcx.o
 .text.ism330dhcx_read_reg
                0x08002b60       0x30 ./Core/Src/ism330dhcx_reg.o
                0x08002b60                ism330dhcx_read_reg
 .text.ism330dhcx_write_reg
                0x08002b90       0x30 ./Core/Src/ism330dhcx_reg.o
                0x08002b90                ism330dhcx_write_reg
 .text.ism330dhcx_xl_full_scale_set
                0x08002bc0       0x4c ./Core/Src/ism330dhcx_reg.o
                0x08002bc0                ism330dhcx_xl_full_scale_set
 .text.ism330dhcx_xl_full_scale_get
                0x08002c0c       0x70 ./Core/Src/ism330dhcx_reg.o
                0x08002c0c                ism330dhcx_xl_full_scale_get
 .text.ism330dhcx_xl_data_rate_set
                0x08002c7c      0x2d8 ./Core/Src/ism330dhcx_reg.o
                0x08002c7c                ism330dhcx_xl_data_rate_set
 .text.ism330dhcx_xl_data_rate_get
                0x08002f54       0xd0 ./Core/Src/ism330dhcx_reg.o
                0x08002f54                ism330dhcx_xl_data_rate_get
 .text.ism330dhcx_gy_full_scale_set
                0x08003024       0x4c ./Core/Src/ism330dhcx_reg.o
                0x08003024                ism330dhcx_gy_full_scale_set
 .text.ism330dhcx_gy_full_scale_get
                0x08003070       0xa4 ./Core/Src/ism330dhcx_reg.o
                0x08003070                ism330dhcx_gy_full_scale_get
 .text.ism330dhcx_gy_data_rate_set
                0x08003114      0x2d8 ./Core/Src/ism330dhcx_reg.o
                0x08003114                ism330dhcx_gy_data_rate_set
 .text.ism330dhcx_gy_data_rate_get
                0x080033ec       0xc4 ./Core/Src/ism330dhcx_reg.o
                0x080033ec                ism330dhcx_gy_data_rate_get
 .text.ism330dhcx_block_data_update_set
                0x080034b0       0x4c ./Core/Src/ism330dhcx_reg.o
                0x080034b0                ism330dhcx_block_data_update_set
 .text.ism330dhcx_angular_rate_raw_get
                0x080034fc       0x90 ./Core/Src/ism330dhcx_reg.o
                0x080034fc                ism330dhcx_angular_rate_raw_get
 .text.ism330dhcx_acceleration_raw_get
                0x0800358c       0x90 ./Core/Src/ism330dhcx_reg.o
                0x0800358c                ism330dhcx_acceleration_raw_get
 .text.ism330dhcx_device_conf_set
                0x0800361c       0x4c ./Core/Src/ism330dhcx_reg.o
                0x0800361c                ism330dhcx_device_conf_set
 .text.ism330dhcx_mem_bank_set
                0x08003668       0x4c ./Core/Src/ism330dhcx_reg.o
                0x08003668                ism330dhcx_mem_bank_set
 .text.ism330dhcx_device_id_get
                0x080036b4       0x22 ./Core/Src/ism330dhcx_reg.o
                0x080036b4                ism330dhcx_device_id_get
 .text.ism330dhcx_reset_set
                0x080036d6       0x4c ./Core/Src/ism330dhcx_reg.o
                0x080036d6                ism330dhcx_reset_set
 .text.ism330dhcx_auto_increment_set
                0x08003722       0x4c ./Core/Src/ism330dhcx_reg.o
                0x08003722                ism330dhcx_auto_increment_set
 .text.ism330dhcx_fifo_mode_set
                0x0800376e       0x4c ./Core/Src/ism330dhcx_reg.o
                0x0800376e                ism330dhcx_fifo_mode_set
 .text.ism330dhcx_fsm_enable_get
                0x080037ba       0x58 ./Core/Src/ism330dhcx_reg.o
                0x080037ba                ism330dhcx_fsm_enable_get
 *fill*         0x08003812        0x2 
 .text.ism330dhcx_fsm_data_rate_get
                0x08003814       0x90 ./Core/Src/ism330dhcx_reg.o
                0x08003814                ism330dhcx_fsm_data_rate_get
 .text.ism330dhcx_mlc_get
                0x080038a4       0x52 ./Core/Src/ism330dhcx_reg.o
                0x080038a4                ism330dhcx_mlc_get
 *fill*         0x080038f6        0x2 
 .text.ism330dhcx_mlc_data_rate_get
                0x080038f8       0x90 ./Core/Src/ism330dhcx_reg.o
                0x080038f8                ism330dhcx_mlc_data_rate_get
 .text.LL_AHB2_GRP1_EnableClock
                0x08003988       0x38 ./Core/Src/main.o
 .text.LL_APB1_GRP2_EnableClock
                0x080039c0       0x38 ./Core/Src/main.o
 .text.__io_putchar
                0x080039f8       0x24 ./Core/Src/main.o
                0x080039f8                __io_putchar
 .text.main     0x08003a1c       0x80 ./Core/Src/main.o
                0x08003a1c                main
 .text.SystemClock_Config
                0x08003a9c       0xc8 ./Core/Src/main.o
                0x08003a9c                SystemClock_Config
 .text.SystemPower_Config
                0x08003b64       0x1c ./Core/Src/main.o
 .text.MX_ADF1_Init
                0x08003b80       0x9c ./Core/Src/main.o
 .text.MX_I2C1_Init
                0x08003c1c       0x80 ./Core/Src/main.o
 .text.MX_I2C2_Init
                0x08003c9c       0x80 ./Core/Src/main.o
 .text.MX_ICACHE_Init
                0x08003d1c       0x26 ./Core/Src/main.o
 *fill*         0x08003d42        0x2 
 .text.MX_OCTOSPI1_Init
                0x08003d44       0xf4 ./Core/Src/main.o
 .text.MX_OCTOSPI2_Init
                0x08003e38       0xf8 ./Core/Src/main.o
 .text.MX_SPI2_Init
                0x08003f30       0xdc ./Core/Src/main.o
 .text.MX_UART4_Init
                0x0800400c       0x98 ./Core/Src/main.o
 .text.MX_USART1_UART_Init
                0x080040a4       0x98 ./Core/Src/main.o
 .text.MX_UCPD1_Init
                0x0800413c       0x6c ./Core/Src/main.o
 .text.MX_USB_OTG_FS_PCD_Init
                0x080041a8       0x64 ./Core/Src/main.o
 .text.MX_GPIO_Init
                0x0800420c      0x2c4 ./Core/Src/main.o
 .text.Error_Handler
                0x080044d0        0xc ./Core/Src/main.o
                0x080044d0                Error_Handler
 .text.HAL_MspInit
                0x080044dc       0x38 ./Core/Src/stm32u5xx_hal_msp.o
                0x080044dc                HAL_MspInit
 .text.HAL_MDF_MspInit
                0x08004514       0xd4 ./Core/Src/stm32u5xx_hal_msp.o
                0x08004514                HAL_MDF_MspInit
 .text.HAL_I2C_MspInit
                0x080045e8      0x174 ./Core/Src/stm32u5xx_hal_msp.o
                0x080045e8                HAL_I2C_MspInit
 .text.HAL_I2C_MspDeInit
                0x0800475c       0x80 ./Core/Src/stm32u5xx_hal_msp.o
                0x0800475c                HAL_I2C_MspDeInit
 .text.HAL_OSPI_MspInit
                0x080047dc      0x4d4 ./Core/Src/stm32u5xx_hal_msp.o
                0x080047dc                HAL_OSPI_MspInit
 .text.HAL_SPI_MspInit
                0x08004cb0      0x120 ./Core/Src/stm32u5xx_hal_msp.o
                0x08004cb0                HAL_SPI_MspInit
 .text.HAL_UART_MspInit
                0x08004dd0      0x170 ./Core/Src/stm32u5xx_hal_msp.o
                0x08004dd0                HAL_UART_MspInit
 .text.HAL_PCD_MspInit
                0x08004f40      0x118 ./Core/Src/stm32u5xx_hal_msp.o
                0x08004f40                HAL_PCD_MspInit
 .text.NMI_Handler
                0x08005058        0x8 ./Core/Src/stm32u5xx_it.o
                0x08005058                NMI_Handler
 .text.HardFault_Handler
                0x08005060        0x8 ./Core/Src/stm32u5xx_it.o
                0x08005060                HardFault_Handler
 .text.MemManage_Handler
                0x08005068        0x8 ./Core/Src/stm32u5xx_it.o
                0x08005068                MemManage_Handler
 .text.BusFault_Handler
                0x08005070        0x8 ./Core/Src/stm32u5xx_it.o
                0x08005070                BusFault_Handler
 .text.UsageFault_Handler
                0x08005078        0x8 ./Core/Src/stm32u5xx_it.o
                0x08005078                UsageFault_Handler
 .text.SVC_Handler
                0x08005080        0xe ./Core/Src/stm32u5xx_it.o
                0x08005080                SVC_Handler
 .text.DebugMon_Handler
                0x0800508e        0xe ./Core/Src/stm32u5xx_it.o
                0x0800508e                DebugMon_Handler
 .text.PendSV_Handler
                0x0800509c        0xe ./Core/Src/stm32u5xx_it.o
                0x0800509c                PendSV_Handler
 .text.SysTick_Handler
                0x080050aa        0xc ./Core/Src/stm32u5xx_it.o
                0x080050aa                SysTick_Handler
 .text._read    0x080050b6       0x3a ./Core/Src/syscalls.o
                0x080050b6                _read
 .text._write   0x080050f0       0x38 ./Core/Src/syscalls.o
                0x080050f0                _write
 .text._close   0x08005128       0x18 ./Core/Src/syscalls.o
                0x08005128                _close
 .text._fstat   0x08005140       0x20 ./Core/Src/syscalls.o
                0x08005140                _fstat
 .text._isatty  0x08005160       0x16 ./Core/Src/syscalls.o
                0x08005160                _isatty
 .text._lseek   0x08005176       0x1a ./Core/Src/syscalls.o
                0x08005176                _lseek
 .text._sbrk    0x08005190       0x6c ./Core/Src/sysmem.o
                0x08005190                _sbrk
 .text.SystemInit
                0x080051fc       0x70 ./Core/Src/system_stm32u5xx.o
                0x080051fc                SystemInit
 .text.Reset_Handler
                0x0800526c       0x50 ./Core/Startup/startup_stm32u585aiixq.o
                0x0800526c                Reset_Handler
 .text.Default_Handler
                0x080052bc        0x2 ./Core/Startup/startup_stm32u585aiixq.o
                0x080052bc                EXTI2_IRQHandler
                0x080052bc                TIM8_TRG_COM_IRQHandler
                0x080052bc                TIM8_CC_IRQHandler
                0x080052bc                EXTI5_IRQHandler
                0x080052bc                FLASH_S_IRQHandler
                0x080052bc                EXTI13_IRQHandler
                0x080052bc                TIM1_CC_IRQHandler
                0x080052bc                TSC_IRQHandler
                0x080052bc                TAMP_IRQHandler
                0x080052bc                TIM6_IRQHandler
                0x080052bc                EXTI12_IRQHandler
                0x080052bc                CORDIC_IRQHandler
                0x080052bc                EXTI3_IRQHandler
                0x080052bc                LPTIM4_IRQHandler
                0x080052bc                GPDMA1_Channel5_IRQHandler
                0x080052bc                EXTI8_IRQHandler
                0x080052bc                LPTIM2_IRQHandler
                0x080052bc                I2C3_ER_IRQHandler
                0x080052bc                PWR_S3WU_IRQHandler
                0x080052bc                MDF1_FLT2_IRQHandler
                0x080052bc                LPDMA1_Channel3_IRQHandler
                0x080052bc                LPTIM3_IRQHandler
                0x080052bc                EXTI0_IRQHandler
                0x080052bc                I2C2_EV_IRQHandler
                0x080052bc                FPU_IRQHandler
                0x080052bc                GPDMA1_Channel3_IRQHandler
                0x080052bc                GPDMA1_Channel7_IRQHandler
                0x080052bc                MDF1_FLT4_IRQHandler
                0x080052bc                FDCAN1_IT1_IRQHandler
                0x080052bc                RAMCFG_IRQHandler
                0x080052bc                GPDMA1_Channel9_IRQHandler
                0x080052bc                DCACHE1_IRQHandler
                0x080052bc                SPI1_IRQHandler
                0x080052bc                OCTOSPI1_IRQHandler
                0x080052bc                GPDMA1_Channel2_IRQHandler
                0x080052bc                TIM8_UP_IRQHandler
                0x080052bc                RCC_S_IRQHandler
                0x080052bc                OCTOSPI2_IRQHandler
                0x080052bc                SAI2_IRQHandler
                0x080052bc                MDF1_FLT1_IRQHandler
                0x080052bc                ADC1_IRQHandler
                0x080052bc                PKA_IRQHandler
                0x080052bc                MDF1_FLT5_IRQHandler
                0x080052bc                EXTI15_IRQHandler
                0x080052bc                TIM17_IRQHandler
                0x080052bc                USART3_IRQHandler
                0x080052bc                RTC_IRQHandler
                0x080052bc                EXTI9_IRQHandler
                0x080052bc                UART5_IRQHandler
                0x080052bc                TIM4_IRQHandler
                0x080052bc                I2C1_EV_IRQHandler
                0x080052bc                GPDMA1_Channel12_IRQHandler
                0x080052bc                GPDMA1_Channel1_IRQHandler
                0x080052bc                TIM16_IRQHandler
                0x080052bc                GPDMA1_Channel15_IRQHandler
                0x080052bc                UART4_IRQHandler
                0x080052bc                SecureFault_Handler
                0x080052bc                TIM3_IRQHandler
                0x080052bc                RCC_IRQHandler
                0x080052bc                TIM1_TRG_COM_IRQHandler
                0x080052bc                Default_Handler
                0x080052bc                GPDMA1_Channel8_IRQHandler
                0x080052bc                FMAC_IRQHandler
                0x080052bc                OTFDEC1_IRQHandler
                0x080052bc                GPDMA1_Channel11_IRQHandler
                0x080052bc                TIM7_IRQHandler
                0x080052bc                SDMMC1_IRQHandler
                0x080052bc                SAES_IRQHandler
                0x080052bc                TIM5_IRQHandler
                0x080052bc                UCPD1_IRQHandler
                0x080052bc                GPDMA1_Channel0_IRQHandler
                0x080052bc                TIM15_IRQHandler
                0x080052bc                I2C3_EV_IRQHandler
                0x080052bc                LPDMA1_Channel0_IRQHandler
                0x080052bc                PVD_PVM_IRQHandler
                0x080052bc                SPI2_IRQHandler
                0x080052bc                LPDMA1_Channel1_IRQHandler
                0x080052bc                EXTI14_IRQHandler
                0x080052bc                EXTI11_IRQHandler
                0x080052bc                OTFDEC2_IRQHandler
                0x080052bc                CRS_IRQHandler
                0x080052bc                GPDMA1_Channel14_IRQHandler
                0x080052bc                LSECSSD_IRQHandler
                0x080052bc                EXTI4_IRQHandler
                0x080052bc                RTC_S_IRQHandler
                0x080052bc                GPDMA1_Channel13_IRQHandler
                0x080052bc                RNG_IRQHandler
                0x080052bc                COMP_IRQHandler
                0x080052bc                TIM1_UP_IRQHandler
                0x080052bc                ADC4_IRQHandler
                0x080052bc                WWDG_IRQHandler
                0x080052bc                I2C4_EV_IRQHandler
                0x080052bc                ADF1_IRQHandler
                0x080052bc                IWDG_IRQHandler
                0x080052bc                LPUART1_IRQHandler
                0x080052bc                MDF1_FLT0_IRQHandler
                0x080052bc                FDCAN1_IT0_IRQHandler
                0x080052bc                TIM2_IRQHandler
                0x080052bc                GPDMA1_Channel4_IRQHandler
                0x080052bc                EXTI7_IRQHandler
                0x080052bc                DMA2D_IRQHandler
                0x080052bc                TIM1_BRK_IRQHandler
                0x080052bc                EXTI1_IRQHandler
                0x080052bc                SDMMC2_IRQHandler
                0x080052bc                AES_IRQHandler
                0x080052bc                DAC1_IRQHandler
                0x080052bc                GTZC_IRQHandler
                0x080052bc                MDF1_FLT3_IRQHandler
                0x080052bc                USART2_IRQHandler
                0x080052bc                GPDMA1_Channel6_IRQHandler
                0x080052bc                I2C2_ER_IRQHandler
                0x080052bc                TIM8_BRK_IRQHandler
                0x080052bc                FLASH_IRQHandler
                0x080052bc                USART1_IRQHandler
                0x080052bc                EXTI10_IRQHandler
                0x080052bc                OTG_FS_IRQHandler
                0x080052bc                SPI3_IRQHandler
                0x080052bc                LPDMA1_Channel2_IRQHandler
                0x080052bc                I2C1_ER_IRQHandler
                0x080052bc                FMC_IRQHandler
                0x080052bc                EXTI6_IRQHandler
                0x080052bc                LPTIM1_IRQHandler
                0x080052bc                DCMI_PSSI_IRQHandler
                0x080052bc                I2C4_ER_IRQHandler
                0x080052bc                GPDMA1_Channel10_IRQHandler
                0x080052bc                ICACHE_IRQHandler
                0x080052bc                SAI1_IRQHandler
                0x080052bc                HASH_IRQHandler
 *fill*         0x080052be        0x2 
 .text.HAL_Init
                0x080052c0       0x60 ./Drivers/STM32U5xx_HAL_Driver/Src/stm32u5xx_hal.o
                0x080052c0                HAL_Init
 .text.HAL_InitTick
                0x08005320       0xec ./Drivers/STM32U5xx_HAL_Driver/Src/stm32u5xx_hal.o
                0x08005320                HAL_InitTick
 .text.HAL_IncTick
                0x0800540c       0x28 ./Drivers/STM32U5xx_HAL_Driver/Src/stm32u5xx_hal.o
                0x0800540c                HAL_IncTick
 .text.HAL_GetTick
                0x08005434       0x18 ./Drivers/STM32U5xx_HAL_Driver/Src/stm32u5xx_hal.o
                0x08005434                HAL_GetTick
 .text.HAL_Delay
                0x0800544c       0x48 ./Drivers/STM32U5xx_HAL_Driver/Src/stm32u5xx_hal.o
                0x0800544c                HAL_Delay
 .text.__NVIC_SetPriorityGrouping
                0x08005494       0x48 ./Drivers/STM32U5xx_HAL_Driver/Src/stm32u5xx_hal_cortex.o
 .text.__NVIC_GetPriorityGrouping
                0x080054dc       0x1c ./Drivers/STM32U5xx_HAL_Driver/Src/stm32u5xx_hal_cortex.o
 .text.__NVIC_SetPriority
                0x080054f8       0x54 ./Drivers/STM32U5xx_HAL_Driver/Src/stm32u5xx_hal_cortex.o
 .text.NVIC_EncodePriority
                0x0800554c       0x66 ./Drivers/STM32U5xx_HAL_Driver/Src/stm32u5xx_hal_cortex.o
 .text.HAL_NVIC_SetPriorityGrouping
                0x080055b2       0x16 ./Drivers/STM32U5xx_HAL_Driver/Src/stm32u5xx_hal_cortex.o
                0x080055b2                HAL_NVIC_SetPriorityGrouping
 .text.HAL_NVIC_SetPriority
                0x080055c8       0x34 ./Drivers/STM32U5xx_HAL_Driver/Src/stm32u5xx_hal_cortex.o
                0x080055c8                HAL_NVIC_SetPriority
 .text.HAL_SYSTICK_Config
                0x080055fc       0x44 ./Drivers/STM32U5xx_HAL_Driver/Src/stm32u5xx_hal_cortex.o
                0x080055fc                HAL_SYSTICK_Config
 .text.HAL_SYSTICK_CLKSourceConfig
                0x08005640       0xb0 ./Drivers/STM32U5xx_HAL_Driver/Src/stm32u5xx_hal_cortex.o
                0x08005640                HAL_SYSTICK_CLKSourceConfig
 .text.HAL_SYSTICK_GetCLKSourceConfig
                0x080056f0       0x74 ./Drivers/STM32U5xx_HAL_Driver/Src/stm32u5xx_hal_cortex.o
                0x080056f0                HAL_SYSTICK_GetCLKSourceConfig
 .text.HAL_DMA_Abort
                0x08005764       0xf8 ./Drivers/STM32U5xx_HAL_Driver/Src/stm32u5xx_hal_dma.o
                0x08005764                HAL_DMA_Abort
 .text.HAL_GPIO_Init
                0x0800585c      0x3c0 ./Drivers/STM32U5xx_HAL_Driver/Src/stm32u5xx_hal_gpio.o
                0x0800585c                HAL_GPIO_Init
 .text.HAL_GPIO_DeInit
                0x08005c1c      0x1bc ./Drivers/STM32U5xx_HAL_Driver/Src/stm32u5xx_hal_gpio.o
                0x08005c1c                HAL_GPIO_DeInit
 .text.HAL_GPIO_WritePin
                0x08005dd8       0x30 ./Drivers/STM32U5xx_HAL_Driver/Src/stm32u5xx_hal_gpio.o
                0x08005dd8                HAL_GPIO_WritePin
 .text.HAL_I2C_Init
                0x08005e08      0x136 ./Drivers/STM32U5xx_HAL_Driver/Src/stm32u5xx_hal_i2c.o
                0x08005e08                HAL_I2C_Init
 .text.HAL_I2C_DeInit
                0x08005f3e       0x5e ./Drivers/STM32U5xx_HAL_Driver/Src/stm32u5xx_hal_i2c.o
                0x08005f3e                HAL_I2C_DeInit
 .text.HAL_I2C_Mem_Write
                0x08005f9c      0x228 ./Drivers/STM32U5xx_HAL_Driver/Src/stm32u5xx_hal_i2c.o
                0x08005f9c                HAL_I2C_Mem_Write
 .text.HAL_I2C_Mem_Read
                0x080061c4      0x234 ./Drivers/STM32U5xx_HAL_Driver/Src/stm32u5xx_hal_i2c.o
                0x080061c4                HAL_I2C_Mem_Read
 .text.HAL_I2C_GetState
                0x080063f8       0x1c ./Drivers/STM32U5xx_HAL_Driver/Src/stm32u5xx_hal_i2c.o
                0x080063f8                HAL_I2C_GetState
 .text.HAL_I2C_GetError
                0x08006414       0x18 ./Drivers/STM32U5xx_HAL_Driver/Src/stm32u5xx_hal_i2c.o
                0x08006414                HAL_I2C_GetError
 .text.I2C_RequestMemoryWrite
                0x0800642c       0xa8 ./Drivers/STM32U5xx_HAL_Driver/Src/stm32u5xx_hal_i2c.o
 .text.I2C_RequestMemoryRead
                0x080064d4       0xa8 ./Drivers/STM32U5xx_HAL_Driver/Src/stm32u5xx_hal_i2c.o
 .text.I2C_Flush_TXDR
                0x0800657c       0x48 ./Drivers/STM32U5xx_HAL_Driver/Src/stm32u5xx_hal_i2c.o
 .text.I2C_WaitOnFlagUntilTimeout
                0x080065c4       0xb2 ./Drivers/STM32U5xx_HAL_Driver/Src/stm32u5xx_hal_i2c.o
 .text.I2C_WaitOnTXISFlagUntilTimeout
                0x08006676       0x8e ./Drivers/STM32U5xx_HAL_Driver/Src/stm32u5xx_hal_i2c.o
 .text.I2C_WaitOnSTOPFlagUntilTimeout
                0x08006704       0x86 ./Drivers/STM32U5xx_HAL_Driver/Src/stm32u5xx_hal_i2c.o
 *fill*         0x0800678a        0x2 
 .text.I2C_IsErrorOccurred
                0x0800678c      0x1c0 ./Drivers/STM32U5xx_HAL_Driver/Src/stm32u5xx_hal_i2c.o
 .text.I2C_TransferConfig
                0x0800694c       0x64 ./Drivers/STM32U5xx_HAL_Driver/Src/stm32u5xx_hal_i2c.o
 .text.HAL_I2CEx_ConfigAnalogFilter
                0x080069b0       0x96 ./Drivers/STM32U5xx_HAL_Driver/Src/stm32u5xx_hal_i2c_ex.o
                0x080069b0                HAL_I2CEx_ConfigAnalogFilter
 .text.HAL_I2CEx_ConfigDigitalFilter
                0x08006a46       0x98 ./Drivers/STM32U5xx_HAL_Driver/Src/stm32u5xx_hal_i2c_ex.o
                0x08006a46                HAL_I2CEx_ConfigDigitalFilter
 *fill*         0x08006ade        0x2 
 .text.HAL_ICACHE_ConfigAssociativityMode
                0x08006ae0       0x40 ./Drivers/STM32U5xx_HAL_Driver/Src/stm32u5xx_hal_icache.o
                0x08006ae0                HAL_ICACHE_ConfigAssociativityMode
 .text.HAL_ICACHE_Enable
                0x08006b20       0x20 ./Drivers/STM32U5xx_HAL_Driver/Src/stm32u5xx_hal_icache.o
                0x08006b20                HAL_ICACHE_Enable
 .text.HAL_MDF_Init
                0x08006b40      0x2b0 ./Drivers/STM32U5xx_HAL_Driver/Src/stm32u5xx_hal_mdf.o
                0x08006b40                HAL_MDF_Init
 .text.MDF_GetHandleNumberFromInstance
                0x08006df0       0x88 ./Drivers/STM32U5xx_HAL_Driver/Src/stm32u5xx_hal_mdf.o
 .text.LL_DLYB_Enable
                0x08006e78       0x20 ./Drivers/STM32U5xx_HAL_Driver/Src/stm32u5xx_hal_ospi.o
 .text.HAL_OSPI_Init
                0x08006e98      0x178 ./Drivers/STM32U5xx_HAL_Driver/Src/stm32u5xx_hal_ospi.o
                0x08006e98                HAL_OSPI_Init
 .text.HAL_OSPI_Abort
                0x08007010       0xea ./Drivers/STM32U5xx_HAL_Driver/Src/stm32u5xx_hal_ospi.o
                0x08007010                HAL_OSPI_Abort
 .text.HAL_OSPI_SetTimeout
                0x080070fa       0x1e ./Drivers/STM32U5xx_HAL_Driver/Src/stm32u5xx_hal_ospi.o
                0x080070fa                HAL_OSPI_SetTimeout
 .text.HAL_OSPIM_Config
                0x08007118      0x9ec ./Drivers/STM32U5xx_HAL_Driver/Src/stm32u5xx_hal_ospi.o
                0x08007118                HAL_OSPIM_Config
 .text.OSPI_WaitFlagStateUntilTimeout
                0x08007b04       0x7e ./Drivers/STM32U5xx_HAL_Driver/Src/stm32u5xx_hal_ospi.o
 *fill*         0x08007b82        0x2 
 .text.OSPIM_GetConfig
                0x08007b84      0x174 ./Drivers/STM32U5xx_HAL_Driver/Src/stm32u5xx_hal_ospi.o
 .text.HAL_OSPI_DLYB_SetConfig
                0x08007cf8       0x90 ./Drivers/STM32U5xx_HAL_Driver/Src/stm32u5xx_hal_ospi.o
                0x08007cf8                HAL_OSPI_DLYB_SetConfig
 .text.HAL_PCD_Init
                0x08007d88      0x230 ./Drivers/STM32U5xx_HAL_Driver/Src/stm32u5xx_hal_pcd.o
                0x08007d88                HAL_PCD_Init
 .text.HAL_PCDEx_ActivateLPM
                0x08007fb8       0x48 ./Drivers/STM32U5xx_HAL_Driver/Src/stm32u5xx_hal_pcd_ex.o
                0x08007fb8                HAL_PCDEx_ActivateLPM
 .text.HAL_PWREx_ControlVoltageScaling
                0x08008000       0xfc ./Drivers/STM32U5xx_HAL_Driver/Src/stm32u5xx_hal_pwr_ex.o
                0x08008000                HAL_PWREx_ControlVoltageScaling
 .text.HAL_PWREx_GetVoltageRange
                0x080080fc       0x1c ./Drivers/STM32U5xx_HAL_Driver/Src/stm32u5xx_hal_pwr_ex.o
                0x080080fc                HAL_PWREx_GetVoltageRange
 .text.HAL_PWREx_ConfigSupply
                0x08008118       0xa0 ./Drivers/STM32U5xx_HAL_Driver/Src/stm32u5xx_hal_pwr_ex.o
                0x08008118                HAL_PWREx_ConfigSupply
 .text.HAL_PWREx_EnableVddUSB
                0x080081b8       0x20 ./Drivers/STM32U5xx_HAL_Driver/Src/stm32u5xx_hal_pwr_ex.o
                0x080081b8                HAL_PWREx_EnableVddUSB
 .text.HAL_PWREx_EnableVddIO2
                0x080081d8       0x20 ./Drivers/STM32U5xx_HAL_Driver/Src/stm32u5xx_hal_pwr_ex.o
                0x080081d8                HAL_PWREx_EnableVddIO2
 .text.HAL_RCC_OscConfig
                0x080081f8      0xdb8 ./Drivers/STM32U5xx_HAL_Driver/Src/stm32u5xx_hal_rcc.o
                0x080081f8                HAL_RCC_OscConfig
 .text.HAL_RCC_ClockConfig
                0x08008fb0      0x3e4 ./Drivers/STM32U5xx_HAL_Driver/Src/stm32u5xx_hal_rcc.o
                0x08008fb0                HAL_RCC_ClockConfig
 .text.HAL_RCC_GetSysClockFreq
                0x08009394      0x204 ./Drivers/STM32U5xx_HAL_Driver/Src/stm32u5xx_hal_rcc.o
                0x08009394                HAL_RCC_GetSysClockFreq
 .text.HAL_RCC_GetHCLKFreq
                0x08009598       0x34 ./Drivers/STM32U5xx_HAL_Driver/Src/stm32u5xx_hal_rcc.o
                0x08009598                HAL_RCC_GetHCLKFreq
 .text.HAL_RCC_GetPCLK1Freq
                0x080095cc       0x28 ./Drivers/STM32U5xx_HAL_Driver/Src/stm32u5xx_hal_rcc.o
                0x080095cc                HAL_RCC_GetPCLK1Freq
 .text.HAL_RCC_GetPCLK2Freq
                0x080095f4       0x28 ./Drivers/STM32U5xx_HAL_Driver/Src/stm32u5xx_hal_rcc.o
                0x080095f4                HAL_RCC_GetPCLK2Freq
 .text.HAL_RCC_GetPCLK3Freq
                0x0800961c       0x28 ./Drivers/STM32U5xx_HAL_Driver/Src/stm32u5xx_hal_rcc.o
                0x0800961c                HAL_RCC_GetPCLK3Freq
 .text.RCC_SetFlashLatencyFromMSIRange
                0x08009644      0x10c ./Drivers/STM32U5xx_HAL_Driver/Src/stm32u5xx_hal_rcc.o
 .text.HAL_RCCEx_PeriphCLKConfig
                0x08009750      0xb80 ./Drivers/STM32U5xx_HAL_Driver/Src/stm32u5xx_hal_rcc_ex.o
                0x08009750                HAL_RCCEx_PeriphCLKConfig
 .text.HAL_RCCEx_GetPLL1ClockFreq
                0x0800a2d0      0x2b4 ./Drivers/STM32U5xx_HAL_Driver/Src/stm32u5xx_hal_rcc_ex.o
                0x0800a2d0                HAL_RCCEx_GetPLL1ClockFreq
 .text.HAL_RCCEx_GetPLL2ClockFreq
                0x0800a584      0x2b4 ./Drivers/STM32U5xx_HAL_Driver/Src/stm32u5xx_hal_rcc_ex.o
                0x0800a584                HAL_RCCEx_GetPLL2ClockFreq
 .text.HAL_RCCEx_GetPLL3ClockFreq
                0x0800a838      0x2b4 ./Drivers/STM32U5xx_HAL_Driver/Src/stm32u5xx_hal_rcc_ex.o
                0x0800a838                HAL_RCCEx_GetPLL3ClockFreq
 .text.HAL_RCCEx_GetPeriphCLKFreq
                0x0800aaec     0x13c4 ./Drivers/STM32U5xx_HAL_Driver/Src/stm32u5xx_hal_rcc_ex.o
                0x0800aaec                HAL_RCCEx_GetPeriphCLKFreq
 .text.RCCEx_PLL2_Config
                0x0800beb0      0x130 ./Drivers/STM32U5xx_HAL_Driver/Src/stm32u5xx_hal_rcc_ex.o
 .text.RCCEx_PLL3_Config
                0x0800bfe0      0x130 ./Drivers/STM32U5xx_HAL_Driver/Src/stm32u5xx_hal_rcc_ex.o
 .text.HAL_SPI_Init
                0x0800c110      0x22c ./Drivers/STM32U5xx_HAL_Driver/Src/stm32u5xx_hal_spi.o
                0x0800c110                HAL_SPI_Init
 .text.SPI_GetPacketSize
                0x0800c33c       0x36 ./Drivers/STM32U5xx_HAL_Driver/Src/stm32u5xx_hal_spi.o
 .text.HAL_SPIEx_SetConfigAutonomousMode
                0x0800c372       0x82 ./Drivers/STM32U5xx_HAL_Driver/Src/stm32u5xx_hal_spi_ex.o
                0x0800c372                HAL_SPIEx_SetConfigAutonomousMode
 .text.HAL_UART_Init
                0x0800c3f4       0xa0 ./Drivers/STM32U5xx_HAL_Driver/Src/stm32u5xx_hal_uart.o
                0x0800c3f4                HAL_UART_Init
 .text.HAL_UART_Transmit
                0x0800c494      0x13c ./Drivers/STM32U5xx_HAL_Driver/Src/stm32u5xx_hal_uart.o
                0x0800c494                HAL_UART_Transmit
 .text.UART_SetConfig
                0x0800c5d0      0x344 ./Drivers/STM32U5xx_HAL_Driver/Src/stm32u5xx_hal_uart.o
                0x0800c5d0                UART_SetConfig
 .text.UART_AdvFeatureConfig
                0x0800c914      0x144 ./Drivers/STM32U5xx_HAL_Driver/Src/stm32u5xx_hal_uart.o
                0x0800c914                UART_AdvFeatureConfig
 .text.UART_CheckIdleState
                0x0800ca58      0x154 ./Drivers/STM32U5xx_HAL_Driver/Src/stm32u5xx_hal_uart.o
                0x0800ca58                UART_CheckIdleState
 .text.UART_WaitOnFlagUntilTimeout
                0x0800cbac       0xda ./Drivers/STM32U5xx_HAL_Driver/Src/stm32u5xx_hal_uart.o
                0x0800cbac                UART_WaitOnFlagUntilTimeout
 .text.UART_EndRxTransfer
                0x0800cc86       0xcc ./Drivers/STM32U5xx_HAL_Driver/Src/stm32u5xx_hal_uart.o
 .text.HAL_UARTEx_DisableFifoMode
                0x0800cd52       0x72 ./Drivers/STM32U5xx_HAL_Driver/Src/stm32u5xx_hal_uart_ex.o
                0x0800cd52                HAL_UARTEx_DisableFifoMode
 .text.HAL_UARTEx_SetTxFifoThreshold
                0x0800cdc4       0x7c ./Drivers/STM32U5xx_HAL_Driver/Src/stm32u5xx_hal_uart_ex.o
                0x0800cdc4                HAL_UARTEx_SetTxFifoThreshold
 .text.HAL_UARTEx_SetRxFifoThreshold
                0x0800ce40       0x7c ./Drivers/STM32U5xx_HAL_Driver/Src/stm32u5xx_hal_uart_ex.o
                0x0800ce40                HAL_UARTEx_SetRxFifoThreshold
 .text.UARTEx_SetNbDataToProcess
                0x0800cebc       0x9c ./Drivers/STM32U5xx_HAL_Driver/Src/stm32u5xx_hal_uart_ex.o
 .text.LL_DLYB_SetDelay
                0x0800cf58       0x3e ./Drivers/STM32U5xx_HAL_Driver/Src/stm32u5xx_ll_dlyb.o
                0x0800cf58                LL_DLYB_SetDelay
 .text.LL_GPIO_SetPinMode
                0x0800cf96       0x7a ./Drivers/STM32U5xx_HAL_Driver/Src/stm32u5xx_ll_gpio.o
 .text.LL_GPIO_SetPinOutputType
                0x0800d010       0x30 ./Drivers/STM32U5xx_HAL_Driver/Src/stm32u5xx_ll_gpio.o
 .text.LL_GPIO_SetPinSpeed
                0x0800d040       0x7a ./Drivers/STM32U5xx_HAL_Driver/Src/stm32u5xx_ll_gpio.o
 .text.LL_GPIO_SetPinPull
                0x0800d0ba       0x7a ./Drivers/STM32U5xx_HAL_Driver/Src/stm32u5xx_ll_gpio.o
 .text.LL_GPIO_SetAFPin_0_7
                0x0800d134       0x7a ./Drivers/STM32U5xx_HAL_Driver/Src/stm32u5xx_ll_gpio.o
 .text.LL_GPIO_SetAFPin_8_15
                0x0800d1ae       0x7e ./Drivers/STM32U5xx_HAL_Driver/Src/stm32u5xx_ll_gpio.o
 .text.LL_GPIO_Init
                0x0800d22c       0xfc ./Drivers/STM32U5xx_HAL_Driver/Src/stm32u5xx_ll_gpio.o
                0x0800d22c                LL_GPIO_Init
 .text.USB_CoreInit
                0x0800d328       0x5a ./Drivers/STM32U5xx_HAL_Driver/Src/stm32u5xx_ll_usb.o
                0x0800d328                USB_CoreInit
 .text.USB_DisableGlobalInt
                0x0800d382       0x22 ./Drivers/STM32U5xx_HAL_Driver/Src/stm32u5xx_ll_usb.o
                0x0800d382                USB_DisableGlobalInt
 .text.USB_SetCurrentMode
                0x0800d3a4       0x98 ./Drivers/STM32U5xx_HAL_Driver/Src/stm32u5xx_ll_usb.o
                0x0800d3a4                USB_SetCurrentMode
 .text.USB_DevInit
                0x0800d43c      0x298 ./Drivers/STM32U5xx_HAL_Driver/Src/stm32u5xx_ll_usb.o
                0x0800d43c                USB_DevInit
 .text.USB_FlushTxFifo
                0x0800d6d4       0x64 ./Drivers/STM32U5xx_HAL_Driver/Src/stm32u5xx_ll_usb.o
                0x0800d6d4                USB_FlushTxFifo
 .text.USB_FlushRxFifo
                0x0800d738       0x5c ./Drivers/STM32U5xx_HAL_Driver/Src/stm32u5xx_ll_usb.o
                0x0800d738                USB_FlushRxFifo
 .text.USB_SetDevSpeed
                0x0800d794       0x32 ./Drivers/STM32U5xx_HAL_Driver/Src/stm32u5xx_ll_usb.o
                0x0800d794                USB_SetDevSpeed
 .text.USB_DevDisconnect
                0x0800d7c6       0x42 ./Drivers/STM32U5xx_HAL_Driver/Src/stm32u5xx_ll_usb.o
                0x0800d7c6                USB_DevDisconnect
 .text.USB_GetMode
                0x0800d808       0x1c ./Drivers/STM32U5xx_HAL_Driver/Src/stm32u5xx_ll_usb.o
                0x0800d808                USB_GetMode
 .text.USB_CoreReset
                0x0800d824       0x70 ./Drivers/STM32U5xx_HAL_Driver/Src/stm32u5xx_ll_usb.o
 .text.std      0x0800d894       0x6c C:/Users/HP/OneDrive/Skrivbord/STM32CubeIDE_1.19.0/STM32CubeIDE/plugins/com.st.stm32cube.ide.mcu.externaltools.gnu-tools-for-stm32.13.3.rel1.win32_1.0.0.202411081344/tools/bin/../lib/gcc/arm-none-eabi/13.3.1/../../../../arm-none-eabi/lib/thumb/v8-m.main+fp/hard\libc_nano.a(libc_a-findfp.o)
 .text.stdio_exit_handler
                0x0800d900       0x18 C:/Users/HP/OneDrive/Skrivbord/STM32CubeIDE_1.19.0/STM32CubeIDE/plugins/com.st.stm32cube.ide.mcu.externaltools.gnu-tools-for-stm32.13.3.rel1.win32_1.0.0.202411081344/tools/bin/../lib/gcc/arm-none-eabi/13.3.1/../../../../arm-none-eabi/lib/thumb/v8-m.main+fp/hard\libc_nano.a(libc_a-findfp.o)
 .text.cleanup_stdio
                0x0800d918       0x40 C:/Users/HP/OneDrive/Skrivbord/STM32CubeIDE_1.19.0/STM32CubeIDE/plugins/com.st.stm32cube.ide.mcu.externaltools.gnu-tools-for-stm32.13.3.rel1.win32_1.0.0.202411081344/tools/bin/../lib/gcc/arm-none-eabi/13.3.1/../../../../arm-none-eabi/lib/thumb/v8-m.main+fp/hard\libc_nano.a(libc_a-findfp.o)
 .text.global_stdio_init.part.0
                0x0800d958       0x3c C:/Users/HP/OneDrive/Skrivbord/STM32CubeIDE_1.19.0/STM32CubeIDE/plugins/com.st.stm32cube.ide.mcu.externaltools.gnu-tools-for-stm32.13.3.rel1.win32_1.0.0.202411081344/tools/bin/../lib/gcc/arm-none-eabi/13.3.1/../../../../arm-none-eabi/lib/thumb/v8-m.main+fp/hard\libc_nano.a(libc_a-findfp.o)
 .text.__sfp_lock_acquire
                0x0800d994        0xc C:/Users/HP/OneDrive/Skrivbord/STM32CubeIDE_1.19.0/STM32CubeIDE/plugins/com.st.stm32cube.ide.mcu.externaltools.gnu-tools-for-stm32.13.3.rel1.win32_1.0.0.202411081344/tools/bin/../lib/gcc/arm-none-eabi/13.3.1/../../../../arm-none-eabi/lib/thumb/v8-m.main+fp/hard\libc_nano.a(libc_a-findfp.o)
                0x0800d994                __sfp_lock_acquire
 .text.__sfp_lock_release
                0x0800d9a0        0xc C:/Users/HP/OneDrive/Skrivbord/STM32CubeIDE_1.19.0/STM32CubeIDE/plugins/com.st.stm32cube.ide.mcu.externaltools.gnu-tools-for-stm32.13.3.rel1.win32_1.0.0.202411081344/tools/bin/../lib/gcc/arm-none-eabi/13.3.1/../../../../arm-none-eabi/lib/thumb/v8-m.main+fp/hard\libc_nano.a(libc_a-findfp.o)
                0x0800d9a0                __sfp_lock_release
 .text.__sinit  0x0800d9ac       0x30 C:/Users/HP/OneDrive/Skrivbord/STM32CubeIDE_1.19.0/STM32CubeIDE/plugins/com.st.stm32cube.ide.mcu.externaltools.gnu-tools-for-stm32.13.3.rel1.win32_1.0.0.202411081344/tools/bin/../lib/gcc/arm-none-eabi/13.3.1/../../../../arm-none-eabi/lib/thumb/v8-m.main+fp/hard\libc_nano.a(libc_a-findfp.o)
                0x0800d9ac                __sinit
 .text._fwalk_sglue
                0x0800d9dc       0x3c C:/Users/HP/OneDrive/Skrivbord/STM32CubeIDE_1.19.0/STM32CubeIDE/plugins/com.st.stm32cube.ide.mcu.externaltools.gnu-tools-for-stm32.13.3.rel1.win32_1.0.0.202411081344/tools/bin/../lib/gcc/arm-none-eabi/13.3.1/../../../../arm-none-eabi/lib/thumb/v8-m.main+fp/hard\libc_nano.a(libc_a-fwalk.o)
                0x0800d9dc                _fwalk_sglue
 .text.printf   0x0800da18       0x24 C:/Users/HP/OneDrive/Skrivbord/STM32CubeIDE_1.19.0/STM32CubeIDE/plugins/com.st.stm32cube.ide.mcu.externaltools.gnu-tools-for-stm32.13.3.rel1.win32_1.0.0.202411081344/tools/bin/../lib/gcc/arm-none-eabi/13.3.1/../../../../arm-none-eabi/lib/thumb/v8-m.main+fp/hard\libc_nano.a(libc_a-printf.o)
                0x0800da18                iprintf
                0x0800da18                printf
 .text.__sread  0x0800da3c       0x22 C:/Users/HP/OneDrive/Skrivbord/STM32CubeIDE_1.19.0/STM32CubeIDE/plugins/com.st.stm32cube.ide.mcu.externaltools.gnu-tools-for-stm32.13.3.rel1.win32_1.0.0.202411081344/tools/bin/../lib/gcc/arm-none-eabi/13.3.1/../../../../arm-none-eabi/lib/thumb/v8-m.main+fp/hard\libc_nano.a(libc_a-stdio.o)
                0x0800da3c                __sread
 .text.__swrite
                0x0800da5e       0x38 C:/Users/HP/OneDrive/Skrivbord/STM32CubeIDE_1.19.0/STM32CubeIDE/plugins/com.st.stm32cube.ide.mcu.externaltools.gnu-tools-for-stm32.13.3.rel1.win32_1.0.0.202411081344/tools/bin/../lib/gcc/arm-none-eabi/13.3.1/../../../../arm-none-eabi/lib/thumb/v8-m.main+fp/hard\libc_nano.a(libc_a-stdio.o)
                0x0800da5e                __swrite
 .text.__sseek  0x0800da96       0x24 C:/Users/HP/OneDrive/Skrivbord/STM32CubeIDE_1.19.0/STM32CubeIDE/plugins/com.st.stm32cube.ide.mcu.externaltools.gnu-tools-for-stm32.13.3.rel1.win32_1.0.0.202411081344/tools/bin/../lib/gcc/arm-none-eabi/13.3.1/../../../../arm-none-eabi/lib/thumb/v8-m.main+fp/hard\libc_nano.a(libc_a-stdio.o)
                0x0800da96                __sseek
 .text.__sclose
                0x0800daba        0x8 C:/Users/HP/OneDrive/Skrivbord/STM32CubeIDE_1.19.0/STM32CubeIDE/plugins/com.st.stm32cube.ide.mcu.externaltools.gnu-tools-for-stm32.13.3.rel1.win32_1.0.0.202411081344/tools/bin/../lib/gcc/arm-none-eabi/13.3.1/../../../../arm-none-eabi/lib/thumb/v8-m.main+fp/hard\libc_nano.a(libc_a-stdio.o)
                0x0800daba                __sclose
 .text.memset   0x0800dac2       0x10 C:/Users/HP/OneDrive/Skrivbord/STM32CubeIDE_1.19.0/STM32CubeIDE/plugins/com.st.stm32cube.ide.mcu.externaltools.gnu-tools-for-stm32.13.3.rel1.win32_1.0.0.202411081344/tools/bin/../lib/gcc/arm-none-eabi/13.3.1/../../../../arm-none-eabi/lib/thumb/v8-m.main+fp/hard\libc_nano.a(libc_a-memset.o)
                0x0800dac2                memset
 *fill*         0x0800dad2        0x2 
 .text._close_r
                0x0800dad4       0x20 C:/Users/HP/OneDrive/Skrivbord/STM32CubeIDE_1.19.0/STM32CubeIDE/plugins/com.st.stm32cube.ide.mcu.externaltools.gnu-tools-for-stm32.13.3.rel1.win32_1.0.0.202411081344/tools/bin/../lib/gcc/arm-none-eabi/13.3.1/../../../../arm-none-eabi/lib/thumb/v8-m.main+fp/hard\libc_nano.a(libc_a-closer.o)
                0x0800dad4                _close_r
 .text._lseek_r
                0x0800daf4       0x24 C:/Users/HP/OneDrive/Skrivbord/STM32CubeIDE_1.19.0/STM32CubeIDE/plugins/com.st.stm32cube.ide.mcu.externaltools.gnu-tools-for-stm32.13.3.rel1.win32_1.0.0.202411081344/tools/bin/../lib/gcc/arm-none-eabi/13.3.1/../../../../arm-none-eabi/lib/thumb/v8-m.main+fp/hard\libc_nano.a(libc_a-lseekr.o)
                0x0800daf4                _lseek_r
 .text._read_r  0x0800db18       0x24 C:/Users/HP/OneDrive/Skrivbord/STM32CubeIDE_1.19.0/STM32CubeIDE/plugins/com.st.stm32cube.ide.mcu.externaltools.gnu-tools-for-stm32.13.3.rel1.win32_1.0.0.202411081344/tools/bin/../lib/gcc/arm-none-eabi/13.3.1/../../../../arm-none-eabi/lib/thumb/v8-m.main+fp/hard\libc_nano.a(libc_a-readr.o)
                0x0800db18                _read_r
 .text._write_r
                0x0800db3c       0x24 C:/Users/HP/OneDrive/Skrivbord/STM32CubeIDE_1.19.0/STM32CubeIDE/plugins/com.st.stm32cube.ide.mcu.externaltools.gnu-tools-for-stm32.13.3.rel1.win32_1.0.0.202411081344/tools/bin/../lib/gcc/arm-none-eabi/13.3.1/../../../../arm-none-eabi/lib/thumb/v8-m.main+fp/hard\libc_nano.a(libc_a-writer.o)
                0x0800db3c                _write_r
 .text.__errno  0x0800db60        0xc C:/Users/HP/OneDrive/Skrivbord/STM32CubeIDE_1.19.0/STM32CubeIDE/plugins/com.st.stm32cube.ide.mcu.externaltools.gnu-tools-for-stm32.13.3.rel1.win32_1.0.0.202411081344/tools/bin/../lib/gcc/arm-none-eabi/13.3.1/../../../../arm-none-eabi/lib/thumb/v8-m.main+fp/hard\libc_nano.a(libc_a-errno.o)
                0x0800db60                __errno
 .text.__libc_init_array
                0x0800db6c       0x48 C:/Users/HP/OneDrive/Skrivbord/STM32CubeIDE_1.19.0/STM32CubeIDE/plugins/com.st.stm32cube.ide.mcu.externaltools.gnu-tools-for-stm32.13.3.rel1.win32_1.0.0.202411081344/tools/bin/../lib/gcc/arm-none-eabi/13.3.1/../../../../arm-none-eabi/lib/thumb/v8-m.main+fp/hard\libc_nano.a(libc_a-init.o)
                0x0800db6c                __libc_init_array
 .text.__retarget_lock_init_recursive
                0x0800dbb4        0x2 C:/Users/HP/OneDrive/Skrivbord/STM32CubeIDE_1.19.0/STM32CubeIDE/plugins/com.st.stm32cube.ide.mcu.externaltools.gnu-tools-for-stm32.13.3.rel1.win32_1.0.0.202411081344/tools/bin/../lib/gcc/arm-none-eabi/13.3.1/../../../../arm-none-eabi/lib/thumb/v8-m.main+fp/hard\libc_nano.a(libc_a-lock.o)
                0x0800dbb4                __retarget_lock_init_recursive
 .text.__retarget_lock_acquire_recursive
                0x0800dbb6        0x2 C:/Users/HP/OneDrive/Skrivbord/STM32CubeIDE_1.19.0/STM32CubeIDE/plugins/com.st.stm32cube.ide.mcu.externaltools.gnu-tools-for-stm32.13.3.rel1.win32_1.0.0.202411081344/tools/bin/../lib/gcc/arm-none-eabi/13.3.1/../../../../arm-none-eabi/lib/thumb/v8-m.main+fp/hard\libc_nano.a(libc_a-lock.o)
                0x0800dbb6                __retarget_lock_acquire_recursive
 .text.__retarget_lock_release_recursive
                0x0800dbb8        0x2 C:/Users/HP/OneDrive/Skrivbord/STM32CubeIDE_1.19.0/STM32CubeIDE/plugins/com.st.stm32cube.ide.mcu.externaltools.gnu-tools-for-stm32.13.3.rel1.win32_1.0.0.202411081344/tools/bin/../lib/gcc/arm-none-eabi/13.3.1/../../../../arm-none-eabi/lib/thumb/v8-m.main+fp/hard\libc_nano.a(libc_a-lock.o)
                0x0800dbb8                __retarget_lock_release_recursive
 *fill*         0x0800dbba        0x2 
 .text._free_r  0x0800dbbc       0x94 C:/Users/HP/OneDrive/Skrivbord/STM32CubeIDE_1.19.0/STM32CubeIDE/plugins/com.st.stm32cube.ide.mcu.externaltools.gnu-tools-for-stm32.13.3.rel1.win32_1.0.0.202411081344/tools/bin/../lib/gcc/arm-none-eabi/13.3.1/../../../../arm-none-eabi/lib/thumb/v8-m.main+fp/hard\libc_nano.a(libc_a-freer.o)
                0x0800dbbc                _free_r
 .text.sbrk_aligned
                0x0800dc50       0x44 C:/Users/HP/OneDrive/Skrivbord/STM32CubeIDE_1.19.0/STM32CubeIDE/plugins/com.st.stm32cube.ide.mcu.externaltools.gnu-tools-for-stm32.13.3.rel1.win32_1.0.0.202411081344/tools/bin/../lib/gcc/arm-none-eabi/13.3.1/../../../../arm-none-eabi/lib/thumb/v8-m.main+fp/hard\libc_nano.a(libc_a-mallocr.o)
 .text._malloc_r
                0x0800dc94      0x100 C:/Users/HP/OneDrive/Skrivbord/STM32CubeIDE_1.19.0/STM32CubeIDE/plugins/com.st.stm32cube.ide.mcu.externaltools.gnu-tools-for-stm32.13.3.rel1.win32_1.0.0.202411081344/tools/bin/../lib/gcc/arm-none-eabi/13.3.1/../../../../arm-none-eabi/lib/thumb/v8-m.main+fp/hard\libc_nano.a(libc_a-mallocr.o)
                0x0800dc94                _malloc_r
 .text.__malloc_lock
                0x0800dd94        0xc C:/Users/HP/OneDrive/Skrivbord/STM32CubeIDE_1.19.0/STM32CubeIDE/plugins/com.st.stm32cube.ide.mcu.externaltools.gnu-tools-for-stm32.13.3.rel1.win32_1.0.0.202411081344/tools/bin/../lib/gcc/arm-none-eabi/13.3.1/../../../../arm-none-eabi/lib/thumb/v8-m.main+fp/hard\libc_nano.a(libc_a-mlock.o)
                0x0800dd94                __malloc_lock
 .text.__malloc_unlock
                0x0800dda0        0xc C:/Users/HP/OneDrive/Skrivbord/STM32CubeIDE_1.19.0/STM32CubeIDE/plugins/com.st.stm32cube.ide.mcu.externaltools.gnu-tools-for-stm32.13.3.rel1.win32_1.0.0.202411081344/tools/bin/../lib/gcc/arm-none-eabi/13.3.1/../../../../arm-none-eabi/lib/thumb/v8-m.main+fp/hard\libc_nano.a(libc_a-mlock.o)
                0x0800dda0                __malloc_unlock
 .text.__sfputc_r
                0x0800ddac       0x2e C:/Users/HP/OneDrive/Skrivbord/STM32CubeIDE_1.19.0/STM32CubeIDE/plugins/com.st.stm32cube.ide.mcu.externaltools.gnu-tools-for-stm32.13.3.rel1.win32_1.0.0.202411081344/tools/bin/../lib/gcc/arm-none-eabi/13.3.1/../../../../arm-none-eabi/lib/thumb/v8-m.main+fp/hard\libc_nano.a(libc_a-nano-vfprintf.o)
 .text.__sfputs_r
                0x0800ddda       0x24 C:/Users/HP/OneDrive/Skrivbord/STM32CubeIDE_1.19.0/STM32CubeIDE/plugins/com.st.stm32cube.ide.mcu.externaltools.gnu-tools-for-stm32.13.3.rel1.win32_1.0.0.202411081344/tools/bin/../lib/gcc/arm-none-eabi/13.3.1/../../../../arm-none-eabi/lib/thumb/v8-m.main+fp/hard\libc_nano.a(libc_a-nano-vfprintf.o)
                0x0800ddda                __sfputs_r
 *fill*         0x0800ddfe        0x2 
 .text._vfprintf_r
                0x0800de00      0x230 C:/Users/HP/OneDrive/Skrivbord/STM32CubeIDE_1.19.0/STM32CubeIDE/plugins/com.st.stm32cube.ide.mcu.externaltools.gnu-tools-for-stm32.13.3.rel1.win32_1.0.0.202411081344/tools/bin/../lib/gcc/arm-none-eabi/13.3.1/../../../../arm-none-eabi/lib/thumb/v8-m.main+fp/hard\libc_nano.a(libc_a-nano-vfprintf.o)
                0x0800de00                _vfprintf_r
                0x0800de00                _vfiprintf_r
 .text._printf_common
                0x0800e030       0xe4 C:/Users/HP/OneDrive/Skrivbord/STM32CubeIDE_1.19.0/STM32CubeIDE/plugins/com.st.stm32cube.ide.mcu.externaltools.gnu-tools-for-stm32.13.3.rel1.win32_1.0.0.202411081344/tools/bin/../lib/gcc/arm-none-eabi/13.3.1/../../../../arm-none-eabi/lib/thumb/v8-m.main+fp/hard\libc_nano.a(libc_a-nano-vfprintf_i.o)
                0x0800e030                _printf_common
 .text._printf_i
                0x0800e114      0x23c C:/Users/HP/OneDrive/Skrivbord/STM32CubeIDE_1.19.0/STM32CubeIDE/plugins/com.st.stm32cube.ide.mcu.externaltools.gnu-tools-for-stm32.13.3.rel1.win32_1.0.0.202411081344/tools/bin/../lib/gcc/arm-none-eabi/13.3.1/../../../../arm-none-eabi/lib/thumb/v8-m.main+fp/hard\libc_nano.a(libc_a-nano-vfprintf_i.o)
                0x0800e114                _printf_i
 .text.__sflush_r
                0x0800e350      0x108 C:/Users/HP/OneDrive/Skrivbord/STM32CubeIDE_1.19.0/STM32CubeIDE/plugins/com.st.stm32cube.ide.mcu.externaltools.gnu-tools-for-stm32.13.3.rel1.win32_1.0.0.202411081344/tools/bin/../lib/gcc/arm-none-eabi/13.3.1/../../../../arm-none-eabi/lib/thumb/v8-m.main+fp/hard\libc_nano.a(libc_a-fflush.o)
                0x0800e350                __sflush_r
 .text._fflush_r
                0x0800e458       0x50 C:/Users/HP/OneDrive/Skrivbord/STM32CubeIDE_1.19.0/STM32CubeIDE/plugins/com.st.stm32cube.ide.mcu.externaltools.gnu-tools-for-stm32.13.3.rel1.win32_1.0.0.202411081344/tools/bin/../lib/gcc/arm-none-eabi/13.3.1/../../../../arm-none-eabi/lib/thumb/v8-m.main+fp/hard\libc_nano.a(libc_a-fflush.o)
                0x0800e458                _fflush_r
 .text.__swbuf_r
                0x0800e4a8       0x7c C:/Users/HP/OneDrive/Skrivbord/STM32CubeIDE_1.19.0/STM32CubeIDE/plugins/com.st.stm32cube.ide.mcu.externaltools.gnu-tools-for-stm32.13.3.rel1.win32_1.0.0.202411081344/tools/bin/../lib/gcc/arm-none-eabi/13.3.1/../../../../arm-none-eabi/lib/thumb/v8-m.main+fp/hard\libc_nano.a(libc_a-wbuf.o)
                0x0800e4a8                __swbuf_r
 .text.__swsetup_r
                0x0800e524       0xac C:/Users/HP/OneDrive/Skrivbord/STM32CubeIDE_1.19.0/STM32CubeIDE/plugins/com.st.stm32cube.ide.mcu.externaltools.gnu-tools-for-stm32.13.3.rel1.win32_1.0.0.202411081344/tools/bin/../lib/gcc/arm-none-eabi/13.3.1/../../../../arm-none-eabi/lib/thumb/v8-m.main+fp/hard\libc_nano.a(libc_a-wsetup.o)
                0x0800e524                __swsetup_r
 .text._sbrk_r  0x0800e5d0       0x20 C:/Users/HP/OneDrive/Skrivbord/STM32CubeIDE_1.19.0/STM32CubeIDE/plugins/com.st.stm32cube.ide.mcu.externaltools.gnu-tools-for-stm32.13.3.rel1.win32_1.0.0.202411081344/tools/bin/../lib/gcc/arm-none-eabi/13.3.1/../../../../arm-none-eabi/lib/thumb/v8-m.main+fp/hard\libc_nano.a(libc_a-sbrkr.o)
                0x0800e5d0                _sbrk_r
 .text.memchr   0x0800e5f0       0x1c C:/Users/HP/OneDrive/Skrivbord/STM32CubeIDE_1.19.0/STM32CubeIDE/plugins/com.st.stm32cube.ide.mcu.externaltools.gnu-tools-for-stm32.13.3.rel1.win32_1.0.0.202411081344/tools/bin/../lib/gcc/arm-none-eabi/13.3.1/../../../../arm-none-eabi/lib/thumb/v8-m.main+fp/hard\libc_nano.a(libc_a-memchr-stub.o)
                0x0800e5f0                memchr
 .text.__swhatbuf_r
                0x0800e60c       0x4a C:/Users/HP/OneDrive/Skrivbord/STM32CubeIDE_1.19.0/STM32CubeIDE/plugins/com.st.stm32cube.ide.mcu.externaltools.gnu-tools-for-stm32.13.3.rel1.win32_1.0.0.202411081344/tools/bin/../lib/gcc/arm-none-eabi/13.3.1/../../../../arm-none-eabi/lib/thumb/v8-m.main+fp/hard\libc_nano.a(libc_a-makebuf.o)
                0x0800e60c                __swhatbuf_r
 .text.__smakebuf_r
                0x0800e656       0x78 C:/Users/HP/OneDrive/Skrivbord/STM32CubeIDE_1.19.0/STM32CubeIDE/plugins/com.st.stm32cube.ide.mcu.externaltools.gnu-tools-for-stm32.13.3.rel1.win32_1.0.0.202411081344/tools/bin/../lib/gcc/arm-none-eabi/13.3.1/../../../../arm-none-eabi/lib/thumb/v8-m.main+fp/hard\libc_nano.a(libc_a-makebuf.o)
                0x0800e656                __smakebuf_r
 *fill*         0x0800e6ce        0x2 
 .text._fstat_r
                0x0800e6d0       0x24 C:/Users/HP/OneDrive/Skrivbord/STM32CubeIDE_1.19.0/STM32CubeIDE/plugins/com.st.stm32cube.ide.mcu.externaltools.gnu-tools-for-stm32.13.3.rel1.win32_1.0.0.202411081344/tools/bin/../lib/gcc/arm-none-eabi/13.3.1/../../../../arm-none-eabi/lib/thumb/v8-m.main+fp/hard\libc_nano.a(libc_a-fstatr.o)
                0x0800e6d0                _fstat_r
 .text._isatty_r
                0x0800e6f4       0x20 C:/Users/HP/OneDrive/Skrivbord/STM32CubeIDE_1.19.0/STM32CubeIDE/plugins/com.st.stm32cube.ide.mcu.externaltools.gnu-tools-for-stm32.13.3.rel1.win32_1.0.0.202411081344/tools/bin/../lib/gcc/arm-none-eabi/13.3.1/../../../../arm-none-eabi/lib/thumb/v8-m.main+fp/hard\libc_nano.a(libc_a-isattyr.o)
                0x0800e6f4                _isatty_r
 *(.glue_7)
 .glue_7        0x0800e714        0x0 linker stubs
 *(.glue_7t)
 .glue_7t       0x0800e714        0x0 linker stubs
 *(.eh_frame)
 .eh_frame      0x0800e714        0x0 C:/Users/HP/OneDrive/Skrivbord/STM32CubeIDE_1.19.0/STM32CubeIDE/plugins/com.st.stm32cube.ide.mcu.externaltools.gnu-tools-for-stm32.13.3.rel1.win32_1.0.0.202411081344/tools/bin/../lib/gcc/arm-none-eabi/13.3.1/thumb/v8-m.main+fp/hard/crtbegin.o
 *(.init)
 .init          0x0800e714        0x4 C:/Users/HP/OneDrive/Skrivbord/STM32CubeIDE_1.19.0/STM32CubeIDE/plugins/com.st.stm32cube.ide.mcu.externaltools.gnu-tools-for-stm32.13.3.rel1.win32_1.0.0.202411081344/tools/bin/../lib/gcc/arm-none-eabi/13.3.1/thumb/v8-m.main+fp/hard/crti.o
                0x0800e714                _init
 .init          0x0800e718        0x8 C:/Users/HP/OneDrive/Skrivbord/STM32CubeIDE_1.19.0/STM32CubeIDE/plugins/com.st.stm32cube.ide.mcu.externaltools.gnu-tools-for-stm32.13.3.rel1.win32_1.0.0.202411081344/tools/bin/../lib/gcc/arm-none-eabi/13.3.1/thumb/v8-m.main+fp/hard/crtn.o
 *(.fini)
 .fini          0x0800e720        0x4 C:/Users/HP/OneDrive/Skrivbord/STM32CubeIDE_1.19.0/STM32CubeIDE/plugins/com.st.stm32cube.ide.mcu.externaltools.gnu-tools-for-stm32.13.3.rel1.win32_1.0.0.202411081344/tools/bin/../lib/gcc/arm-none-eabi/13.3.1/thumb/v8-m.main+fp/hard/crti.o
                0x0800e720                _fini
 .fini          0x0800e724        0x8 C:/Users/HP/OneDrive/Skrivbord/STM32CubeIDE_1.19.0/STM32CubeIDE/plugins/com.st.stm32cube.ide.mcu.externaltools.gnu-tools-for-stm32.13.3.rel1.win32_1.0.0.202411081344/tools/bin/../lib/gcc/arm-none-eabi/13.3.1/thumb/v8-m.main+fp/hard/crtn.o
                0x0800e72c                        _etext = .

.vfp11_veneer   0x0800e72c        0x0
 .vfp11_veneer  0x0800e72c        0x0 linker stubs

.v4_bx          0x0800e72c        0x0
 .v4_bx         0x0800e72c        0x0 linker stubs

.iplt           0x0800e72c        0x0
 .iplt          0x0800e72c        0x0 C:/Users/HP/OneDrive/Skrivbord/STM32CubeIDE_1.19.0/STM32CubeIDE/plugins/com.st.stm32cube.ide.mcu.externaltools.gnu-tools-for-stm32.13.3.rel1.win32_1.0.0.202411081344/tools/bin/../lib/gcc/arm-none-eabi/13.3.1/thumb/v8-m.main+fp/hard/crtbegin.o

.rodata         0x0800e72c      0x233
 *(.rodata)
 .rodata        0x0800e72c       0x7a ./Core/Src/main.o
 *(.rodata*)
 *fill*         0x0800e7a6        0x2 
 .rodata.I2C_Charac
                0x0800e7a8       0x84 ./Core/Src/b_u585i_iot02a_bus.o
 .rodata.AHBPrescTable
                0x0800e82c       0x10 ./Core/Src/system_stm32u5xx.o
                0x0800e82c                AHBPrescTable
 .rodata.APBPrescTable
                0x0800e83c        0x8 ./Core/Src/system_stm32u5xx.o
                0x0800e83c                APBPrescTable
 .rodata.MSIRangeTable
                0x0800e844       0x40 ./Core/Src/system_stm32u5xx.o
                0x0800e844                MSIRangeTable
 .rodata.LPGPIO_Map
                0x0800e884       0x80 ./Drivers/STM32U5xx_HAL_Driver/Src/stm32u5xx_hal_gpio.o
 .rodata.UARTPrescTable
                0x0800e904       0x18 ./Drivers/STM32U5xx_HAL_Driver/Src/stm32u5xx_hal_uart.o
                0x0800e904                UARTPrescTable
 .rodata.numerator.1
                0x0800e91c        0x8 ./Drivers/STM32U5xx_HAL_Driver/Src/stm32u5xx_hal_uart_ex.o
 .rodata.denominator.0
                0x0800e924        0x8 ./Drivers/STM32U5xx_HAL_Driver/Src/stm32u5xx_hal_uart_ex.o
 .rodata._vfprintf_r.str1.1
                0x0800e92c       0x33 C:/Users/HP/OneDrive/Skrivbord/STM32CubeIDE_1.19.0/STM32CubeIDE/plugins/com.st.stm32cube.ide.mcu.externaltools.gnu-tools-for-stm32.13.3.rel1.win32_1.0.0.202411081344/tools/bin/../lib/gcc/arm-none-eabi/13.3.1/../../../../arm-none-eabi/lib/thumb/v8-m.main+fp/hard\libc_nano.a(libc_a-nano-vfprintf.o)
                                 0x11 (size before relaxing)
 .rodata._printf_i.str1.1
                0x0800e95f       0x22 C:/Users/HP/OneDrive/Skrivbord/STM32CubeIDE_1.19.0/STM32CubeIDE/plugins/com.st.stm32cube.ide.mcu.externaltools.gnu-tools-for-stm32.13.3.rel1.win32_1.0.0.202411081344/tools/bin/../lib/gcc/arm-none-eabi/13.3.1/../../../../arm-none-eabi/lib/thumb/v8-m.main+fp/hard\libc_nano.a(libc_a-nano-vfprintf_i.o)

.ARM.extab
 *(.ARM.extab* .gnu.linkonce.armextab.*)

.ARM            0x0800e960        0x8
                0x0800e960                        __exidx_start = .
 *(.ARM.exidx*)
 .ARM.exidx     0x0800e960        0x8 C:/Users/HP/OneDrive/Skrivbord/STM32CubeIDE_1.19.0/STM32CubeIDE/plugins/com.st.stm32cube.ide.mcu.externaltools.gnu-tools-for-stm32.13.3.rel1.win32_1.0.0.202411081344/tools/bin/../lib/gcc/arm-none-eabi/13.3.1/thumb/v8-m.main+fp/hard\libgcc.a(_udivmoddi4.o)
                0x0800e968                        __exidx_end = .

.preinit_array  0x0800e968        0x0
                0x0800e968                        PROVIDE (__preinit_array_start = .)
 *(.preinit_array*)
                0x0800e968                        PROVIDE (__preinit_array_end = .)

.init_array     0x0800e968        0x4
                0x0800e968                        PROVIDE (__init_array_start = .)
 *(SORT_BY_NAME(.init_array.*))
 *(.init_array*)
 .init_array    0x0800e968        0x4 C:/Users/HP/OneDrive/Skrivbord/STM32CubeIDE_1.19.0/STM32CubeIDE/plugins/com.st.stm32cube.ide.mcu.externaltools.gnu-tools-for-stm32.13.3.rel1.win32_1.0.0.202411081344/tools/bin/../lib/gcc/arm-none-eabi/13.3.1/thumb/v8-m.main+fp/hard/crtbegin.o
                0x0800e96c                        PROVIDE (__init_array_end = .)

.fini_array     0x0800e96c        0x4
                [!provide]                        PROVIDE (__fini_array_start = .)
 *(SORT_BY_NAME(.fini_array.*))
 *(.fini_array*)
 .fini_array    0x0800e96c        0x4 C:/Users/HP/OneDrive/Skrivbord/STM32CubeIDE_1.19.0/STM32CubeIDE/plugins/com.st.stm32cube.ide.mcu.externaltools.gnu-tools-for-stm32.13.3.rel1.win32_1.0.0.202411081344/tools/bin/../lib/gcc/arm-none-eabi/13.3.1/thumb/v8-m.main+fp/hard/crtbegin.o
                [!provide]                        PROVIDE (__fini_array_end = .)
                0x0800e970                        _sidata = LOADADDR (.data)

.rel.dyn        0x0800e970        0x0
 .rel.iplt      0x0800e970        0x0 C:/Users/HP/OneDrive/Skrivbord/STM32CubeIDE_1.19.0/STM32CubeIDE/plugins/com.st.stm32cube.ide.mcu.externaltools.gnu-tools-for-stm32.13.3.rel1.win32_1.0.0.202411081344/tools/bin/../lib/gcc/arm-none-eabi/13.3.1/thumb/v8-m.main+fp/hard/crtbegin.o

.data           0x20000000       0xf4 load address 0x0800e970
                0x20000000                        _sdata = .
 *(.data)
 *(.data*)
 .data.IIS2MDC_COMMON_Driver
                0x20000000       0x10 ./Core/Src/iis2mdc.o
                0x20000000                IIS2MDC_COMMON_Driver
 .data.IIS2MDC_MAG_Driver
                0x20000010       0x24 ./Core/Src/iis2mdc.o
                0x20000010                IIS2MDC_MAG_Driver
 .data.ISM330DHCX_COMMON_Driver
                0x20000034       0x10 ./Core/Src/ism330dhcx.o
                0x20000034                ISM330DHCX_COMMON_Driver
 .data.ISM330DHCX_ACC_Driver
                0x20000044       0x24 ./Core/Src/ism330dhcx.o
                0x20000044                ISM330DHCX_ACC_Driver
 .data.ISM330DHCX_GYRO_Driver
                0x20000068       0x24 ./Core/Src/ism330dhcx.o
                0x20000068                ISM330DHCX_GYRO_Driver
 .data.SystemCoreClock
                0x2000008c        0x4 ./Core/Src/system_stm32u5xx.o
                0x2000008c                SystemCoreClock
 .data.uwTickPrio
                0x20000090        0x4 ./Drivers/STM32U5xx_HAL_Driver/Src/stm32u5xx_hal.o
                0x20000090                uwTickPrio
 .data.uwTickFreq
                0x20000094        0x1 ./Drivers/STM32U5xx_HAL_Driver/Src/stm32u5xx_hal.o
                0x20000094                uwTickFreq
 *fill*         0x20000095        0x3 
 .data.__sglue  0x20000098        0xc C:/Users/HP/OneDrive/Skrivbord/STM32CubeIDE_1.19.0/STM32CubeIDE/plugins/com.st.stm32cube.ide.mcu.externaltools.gnu-tools-for-stm32.13.3.rel1.win32_1.0.0.202411081344/tools/bin/../lib/gcc/arm-none-eabi/13.3.1/../../../../arm-none-eabi/lib/thumb/v8-m.main+fp/hard\libc_nano.a(libc_a-findfp.o)
                0x20000098                __sglue
 .data._impure_ptr
                0x200000a4        0x4 C:/Users/HP/OneDrive/Skrivbord/STM32CubeIDE_1.19.0/STM32CubeIDE/plugins/com.st.stm32cube.ide.mcu.externaltools.gnu-tools-for-stm32.13.3.rel1.win32_1.0.0.202411081344/tools/bin/../lib/gcc/arm-none-eabi/13.3.1/../../../../arm-none-eabi/lib/thumb/v8-m.main+fp/hard\libc_nano.a(libc_a-impure.o)
                0x200000a4                _impure_ptr
 .data._impure_data
                0x200000a8       0x4c C:/Users/HP/OneDrive/Skrivbord/STM32CubeIDE_1.19.0/STM32CubeIDE/plugins/com.st.stm32cube.ide.mcu.externaltools.gnu-tools-for-stm32.13.3.rel1.win32_1.0.0.202411081344/tools/bin/../lib/gcc/arm-none-eabi/13.3.1/../../../../arm-none-eabi/lib/thumb/v8-m.main+fp/hard\libc_nano.a(libc_a-impure.o)
                0x200000a8                _impure_data
 *(.RamFunc)
 *(.RamFunc*)
                0x200000f4                        _edata = .

.igot.plt       0x200000f4        0x0 load address 0x0800ea64
 .igot.plt      0x200000f4        0x0 C:/Users/HP/OneDrive/Skrivbord/STM32CubeIDE_1.19.0/STM32CubeIDE/plugins/com.st.stm32cube.ide.mcu.externaltools.gnu-tools-for-stm32.13.3.rel1.win32_1.0.0.202411081344/tools/bin/../lib/gcc/arm-none-eabi/13.3.1/thumb/v8-m.main+fp/hard/crtbegin.o

.bss            0x200000f4     0x1558 load address 0x0800ea64
                0x200000f4                        _sbss = .
                0x200000f4                        __bss_start__ = _sbss
 *(.bss)
 .bss           0x200000f4       0x1c C:/Users/HP/OneDrive/Skrivbord/STM32CubeIDE_1.19.0/STM32CubeIDE/plugins/com.st.stm32cube.ide.mcu.externaltools.gnu-tools-for-stm32.13.3.rel1.win32_1.0.0.202411081344/tools/bin/../lib/gcc/arm-none-eabi/13.3.1/thumb/v8-m.main+fp/hard/crtbegin.o
 *(.bss*)
 .bss.I2c2InitCounter
                0x20000110        0x4 ./Core/Src/b_u585i_iot02a_bus.o
 .bss.I2c_valid_timing
                0x20000114      0xa00 ./Core/Src/b_u585i_iot02a_bus.o
 .bss.I2c_valid_timing_nbr
                0x20000b14        0x4 ./Core/Src/b_u585i_iot02a_bus.o
 .bss.hbus_i2c2
                0x20000b18       0x54 ./Core/Src/b_u585i_iot02a_bus.o
                0x20000b18                hbus_i2c2
 .bss.Motion_Sensor_Ctx
                0x20000b6c        0x8 ./Core/Src/b_u585i_iot02a_motion_sensors.o
                0x20000b6c                Motion_Sensor_Ctx
 .bss.Motion_Sensor_CompObj
                0x20000b74        0x8 ./Core/Src/b_u585i_iot02a_motion_sensors.o
                0x20000b74                Motion_Sensor_CompObj
 .bss.Motion_Sensor_Drv
                0x20000b7c        0x8 ./Core/Src/b_u585i_iot02a_motion_sensors.o
                0x20000b7c                Motion_Sensor_Drv
 .bss.Motion_Sensor_FuncDrv
                0x20000b84       0x18 ./Core/Src/b_u585i_iot02a_motion_sensors.o
                0x20000b84                Motion_Sensor_FuncDrv
 .bss.ISM330DHCX_Obj.1
                0x20000b9c       0x38 ./Core/Src/b_u585i_iot02a_motion_sensors.o
 .bss.IIS2MDC_Obj.0
                0x20000bd4       0x34 ./Core/Src/b_u585i_iot02a_motion_sensors.o
 .bss.hi2c2     0x20000c08       0x54 ./Core/Src/main.o
                0x20000c08                hi2c2
 .bss.huart1    0x20000c5c       0x94 ./Core/Src/main.o
                0x20000c5c                huart1
 .bss.accel     0x20000cf0        0xc ./Core/Src/main.o
                0x20000cf0                accel
 .bss.AdfHandle0
                0x20000cfc       0x44 ./Core/Src/main.o
                0x20000cfc                AdfHandle0
 .bss.AdfFilterConfig0
                0x20000d40       0x7c ./Core/Src/main.o
                0x20000d40                AdfFilterConfig0
 .bss.hi2c1     0x20000dbc       0x54 ./Core/Src/main.o
                0x20000dbc                hi2c1
 .bss.hospi1    0x20000e10       0x5c ./Core/Src/main.o
                0x20000e10                hospi1
 .bss.hospi2    0x20000e6c       0x5c ./Core/Src/main.o
                0x20000e6c                hospi2
 .bss.hspi2     0x20000ec8       0x90 ./Core/Src/main.o
                0x20000ec8                hspi2
 .bss.huart4    0x20000f58       0x94 ./Core/Src/main.o
                0x20000f58                huart4
 .bss.hpcd_USB_OTG_FS
                0x20000fec      0x4e4 ./Core/Src/main.o
                0x20000fec                hpcd_USB_OTG_FS
 .bss.HAL_RCC_OSPIM_CLK_ENABLED
                0x200014d0        0x4 ./Core/Src/stm32u5xx_hal_msp.o
 .bss.__sbrk_heap_end
                0x200014d4        0x4 ./Core/Src/sysmem.o
 .bss.uwTick    0x200014d8        0x4 ./Drivers/STM32U5xx_HAL_Driver/Src/stm32u5xx_hal.o
                0x200014d8                uwTick
 .bss.v_mdf1InstanceCounter
                0x200014dc        0x4 ./Drivers/STM32U5xx_HAL_Driver/Src/stm32u5xx_hal_mdf.o
 .bss.v_adf1InstanceCounter
                0x200014e0        0x4 ./Drivers/STM32U5xx_HAL_Driver/Src/stm32u5xx_hal_mdf.o
 .bss.a_mdfHandle
                0x200014e4       0x1c ./Drivers/STM32U5xx_HAL_Driver/Src/stm32u5xx_hal_mdf.o
 .bss.__sf      0x20001500      0x138 C:/Users/HP/OneDrive/Skrivbord/STM32CubeIDE_1.19.0/STM32CubeIDE/plugins/com.st.stm32cube.ide.mcu.externaltools.gnu-tools-for-stm32.13.3.rel1.win32_1.0.0.202411081344/tools/bin/../lib/gcc/arm-none-eabi/13.3.1/../../../../arm-none-eabi/lib/thumb/v8-m.main+fp/hard\libc_nano.a(libc_a-findfp.o)
                0x20001500                __sf
 .bss.__stdio_exit_handler
                0x20001638        0x4 C:/Users/HP/OneDrive/Skrivbord/STM32CubeIDE_1.19.0/STM32CubeIDE/plugins/com.st.stm32cube.ide.mcu.externaltools.gnu-tools-for-stm32.13.3.rel1.win32_1.0.0.202411081344/tools/bin/../lib/gcc/arm-none-eabi/13.3.1/../../../../arm-none-eabi/lib/thumb/v8-m.main+fp/hard\libc_nano.a(libc_a-findfp.o)
                0x20001638                __stdio_exit_handler
 .bss.errno     0x2000163c        0x4 C:/Users/HP/OneDrive/Skrivbord/STM32CubeIDE_1.19.0/STM32CubeIDE/plugins/com.st.stm32cube.ide.mcu.externaltools.gnu-tools-for-stm32.13.3.rel1.win32_1.0.0.202411081344/tools/bin/../lib/gcc/arm-none-eabi/13.3.1/../../../../arm-none-eabi/lib/thumb/v8-m.main+fp/hard\libc_nano.a(libc_a-reent.o)
                0x2000163c                errno
 .bss.__lock___malloc_recursive_mutex
                0x20001640        0x1 C:/Users/HP/OneDrive/Skrivbord/STM32CubeIDE_1.19.0/STM32CubeIDE/plugins/com.st.stm32cube.ide.mcu.externaltools.gnu-tools-for-stm32.13.3.rel1.win32_1.0.0.202411081344/tools/bin/../lib/gcc/arm-none-eabi/13.3.1/../../../../arm-none-eabi/lib/thumb/v8-m.main+fp/hard\libc_nano.a(libc_a-lock.o)
                0x20001640                __lock___malloc_recursive_mutex
 .bss.__lock___sfp_recursive_mutex
                0x20001641        0x1 C:/Users/HP/OneDrive/Skrivbord/STM32CubeIDE_1.19.0/STM32CubeIDE/plugins/com.st.stm32cube.ide.mcu.externaltools.gnu-tools-for-stm32.13.3.rel1.win32_1.0.0.202411081344/tools/bin/../lib/gcc/arm-none-eabi/13.3.1/../../../../arm-none-eabi/lib/thumb/v8-m.main+fp/hard\libc_nano.a(libc_a-lock.o)
                0x20001641                __lock___sfp_recursive_mutex
 *fill*         0x20001642        0x2 
 .bss.__malloc_sbrk_start
                0x20001644        0x4 C:/Users/HP/OneDrive/Skrivbord/STM32CubeIDE_1.19.0/STM32CubeIDE/plugins/com.st.stm32cube.ide.mcu.externaltools.gnu-tools-for-stm32.13.3.rel1.win32_1.0.0.202411081344/tools/bin/../lib/gcc/arm-none-eabi/13.3.1/../../../../arm-none-eabi/lib/thumb/v8-m.main+fp/hard\libc_nano.a(libc_a-mallocr.o)
                0x20001644                __malloc_sbrk_start
 .bss.__malloc_free_list
                0x20001648        0x4 C:/Users/HP/OneDrive/Skrivbord/STM32CubeIDE_1.19.0/STM32CubeIDE/plugins/com.st.stm32cube.ide.mcu.externaltools.gnu-tools-for-stm32.13.3.rel1.win32_1.0.0.202411081344/tools/bin/../lib/gcc/arm-none-eabi/13.3.1/../../../../arm-none-eabi/lib/thumb/v8-m.main+fp/hard\libc_nano.a(libc_a-mallocr.o)
                0x20001648                __malloc_free_list
 *(COMMON)
                0x2000164c                        _ebss = .
                0x2000164c                        __bss_end__ = _ebss

._user_heap_stack
                0x2000164c      0x604 load address 0x0800ea64
                0x20001650                        . = ALIGN (0x8)
 *fill*         0x2000164c        0x4 
                [!provide]                        PROVIDE (end = .)
                0x20001650                        PROVIDE (_end = .)
                0x20001850                        . = (. + _Min_Heap_Size)
 *fill*         0x20001650      0x200 
                0x20001c50                        . = (. + _Min_Stack_Size)
 *fill*         0x20001850      0x400 
                0x20001c50                        . = ALIGN (0x8)

/DISCARD/
 libc.a(*)
 libm.a(*)
 libgcc.a(*)

.ARM.attributes
                0x00000000       0x36
 *(.ARM.attributes)
 .ARM.attributes
                0x00000000       0x26 C:/Users/HP/OneDrive/Skrivbord/STM32CubeIDE_1.19.0/STM32CubeIDE/plugins/com.st.stm32cube.ide.mcu.externaltools.gnu-tools-for-stm32.13.3.rel1.win32_1.0.0.202411081344/tools/bin/../lib/gcc/arm-none-eabi/13.3.1/thumb/v8-m.main+fp/hard/crti.o
 .ARM.attributes
                0x00000026       0x38 C:/Users/HP/OneDrive/Skrivbord/STM32CubeIDE_1.19.0/STM32CubeIDE/plugins/com.st.stm32cube.ide.mcu.externaltools.gnu-tools-for-stm32.13.3.rel1.win32_1.0.0.202411081344/tools/bin/../lib/gcc/arm-none-eabi/13.3.1/thumb/v8-m.main+fp/hard/crtbegin.o
 .ARM.attributes
                0x0000005e       0x3a ./Core/Src/b_u585i_iot02a_bus.o
 .ARM.attributes
                0x00000098       0x3a ./Core/Src/b_u585i_iot02a_motion_sensors.o
 .ARM.attributes
                0x000000d2       0x3a ./Core/Src/iis2mdc.o
 .ARM.attributes
                0x0000010c       0x3a ./Core/Src/iis2mdc_reg.o
 .ARM.attributes
                0x00000146       0x3a ./Core/Src/ism330dhcx.o
 .ARM.attributes
                0x00000180       0x3a ./Core/Src/ism330dhcx_reg.o
 .ARM.attributes
                0x000001ba       0x3a ./Core/Src/main.o
 .ARM.attributes
                0x000001f4       0x3a ./Core/Src/stm32u5xx_hal_msp.o
 .ARM.attributes
                0x0000022e       0x3a ./Core/Src/stm32u5xx_it.o
 .ARM.attributes
                0x00000268       0x3a ./Core/Src/syscalls.o
 .ARM.attributes
                0x000002a2       0x3a ./Core/Src/sysmem.o
 .ARM.attributes
                0x000002dc       0x3a ./Core/Src/system_stm32u5xx.o
 .ARM.attributes
                0x00000316       0x24 ./Core/Startup/startup_stm32u585aiixq.o
 .ARM.attributes
                0x0000033a       0x3a ./Drivers/STM32U5xx_HAL_Driver/Src/stm32u5xx_hal.o
 .ARM.attributes
                0x00000374       0x3a ./Drivers/STM32U5xx_HAL_Driver/Src/stm32u5xx_hal_cortex.o
 .ARM.attributes
                0x000003ae       0x3a ./Drivers/STM32U5xx_HAL_Driver/Src/stm32u5xx_hal_dma.o
 .ARM.attributes
                0x000003e8       0x3a ./Drivers/STM32U5xx_HAL_Driver/Src/stm32u5xx_hal_gpio.o
 .ARM.attributes
                0x00000422       0x3a ./Drivers/STM32U5xx_HAL_Driver/Src/stm32u5xx_hal_i2c.o
 .ARM.attributes
                0x0000045c       0x3a ./Drivers/STM32U5xx_HAL_Driver/Src/stm32u5xx_hal_i2c_ex.o
 .ARM.attributes
                0x00000496       0x3a ./Drivers/STM32U5xx_HAL_Driver/Src/stm32u5xx_hal_icache.o
 .ARM.attributes
                0x000004d0       0x3a ./Drivers/STM32U5xx_HAL_Driver/Src/stm32u5xx_hal_mdf.o
 .ARM.attributes
                0x0000050a       0x3a ./Drivers/STM32U5xx_HAL_Driver/Src/stm32u5xx_hal_ospi.o
 .ARM.attributes
                0x00000544       0x3a ./Drivers/STM32U5xx_HAL_Driver/Src/stm32u5xx_hal_pcd.o
 .ARM.attributes
                0x0000057e       0x3a ./Drivers/STM32U5xx_HAL_Driver/Src/stm32u5xx_hal_pcd_ex.o
 .ARM.attributes
                0x000005b8       0x3a ./Drivers/STM32U5xx_HAL_Driver/Src/stm32u5xx_hal_pwr_ex.o
 .ARM.attributes
                0x000005f2       0x3a ./Drivers/STM32U5xx_HAL_Driver/Src/stm32u5xx_hal_rcc.o
 .ARM.attributes
                0x0000062c       0x3a ./Drivers/STM32U5xx_HAL_Driver/Src/stm32u5xx_hal_rcc_ex.o
 .ARM.attributes
                0x00000666       0x3a ./Drivers/STM32U5xx_HAL_Driver/Src/stm32u5xx_hal_spi.o
 .ARM.attributes
                0x000006a0       0x3a ./Drivers/STM32U5xx_HAL_Driver/Src/stm32u5xx_hal_spi_ex.o
 .ARM.attributes
                0x000006da       0x3a ./Drivers/STM32U5xx_HAL_Driver/Src/stm32u5xx_hal_uart.o
 .ARM.attributes
                0x00000714       0x3a ./Drivers/STM32U5xx_HAL_Driver/Src/stm32u5xx_hal_uart_ex.o
 .ARM.attributes
                0x0000074e       0x3a ./Drivers/STM32U5xx_HAL_Driver/Src/stm32u5xx_ll_dlyb.o
 .ARM.attributes
                0x00000788       0x3a ./Drivers/STM32U5xx_HAL_Driver/Src/stm32u5xx_ll_gpio.o
 .ARM.attributes
                0x000007c2       0x3a ./Drivers/STM32U5xx_HAL_Driver/Src/stm32u5xx_ll_usb.o
 .ARM.attributes
                0x000007fc       0x38 C:/Users/HP/OneDrive/Skrivbord/STM32CubeIDE_1.19.0/STM32CubeIDE/plugins/com.st.stm32cube.ide.mcu.externaltools.gnu-tools-for-stm32.13.3.rel1.win32_1.0.0.202411081344/tools/bin/../lib/gcc/arm-none-eabi/13.3.1/../../../../arm-none-eabi/lib/thumb/v8-m.main+fp/hard\libc_nano.a(libc_a-findfp.o)
 .ARM.attributes
                0x00000834       0x38 C:/Users/HP/OneDrive/Skrivbord/STM32CubeIDE_1.19.0/STM32CubeIDE/plugins/com.st.stm32cube.ide.mcu.externaltools.gnu-tools-for-stm32.13.3.rel1.win32_1.0.0.202411081344/tools/bin/../lib/gcc/arm-none-eabi/13.3.1/../../../../arm-none-eabi/lib/thumb/v8-m.main+fp/hard\libc_nano.a(libc_a-fwalk.o)
 .ARM.attributes
                0x0000086c       0x38 C:/Users/HP/OneDrive/Skrivbord/STM32CubeIDE_1.19.0/STM32CubeIDE/plugins/com.st.stm32cube.ide.mcu.externaltools.gnu-tools-for-stm32.13.3.rel1.win32_1.0.0.202411081344/tools/bin/../lib/gcc/arm-none-eabi/13.3.1/../../../../arm-none-eabi/lib/thumb/v8-m.main+fp/hard\libc_nano.a(libc_a-printf.o)
 .ARM.attributes
                0x000008a4       0x38 C:/Users/HP/OneDrive/Skrivbord/STM32CubeIDE_1.19.0/STM32CubeIDE/plugins/com.st.stm32cube.ide.mcu.externaltools.gnu-tools-for-stm32.13.3.rel1.win32_1.0.0.202411081344/tools/bin/../lib/gcc/arm-none-eabi/13.3.1/../../../../arm-none-eabi/lib/thumb/v8-m.main+fp/hard\libc_nano.a(libc_a-stdio.o)
 .ARM.attributes
                0x000008dc       0x38 C:/Users/HP/OneDrive/Skrivbord/STM32CubeIDE_1.19.0/STM32CubeIDE/plugins/com.st.stm32cube.ide.mcu.externaltools.gnu-tools-for-stm32.13.3.rel1.win32_1.0.0.202411081344/tools/bin/../lib/gcc/arm-none-eabi/13.3.1/../../../../arm-none-eabi/lib/thumb/v8-m.main+fp/hard\libc_nano.a(libc_a-memset.o)
 .ARM.attributes
                0x00000914       0x38 C:/Users/HP/OneDrive/Skrivbord/STM32CubeIDE_1.19.0/STM32CubeIDE/plugins/com.st.stm32cube.ide.mcu.externaltools.gnu-tools-for-stm32.13.3.rel1.win32_1.0.0.202411081344/tools/bin/../lib/gcc/arm-none-eabi/13.3.1/../../../../arm-none-eabi/lib/thumb/v8-m.main+fp/hard\libc_nano.a(libc_a-closer.o)
 .ARM.attributes
                0x0000094c       0x38 C:/Users/HP/OneDrive/Skrivbord/STM32CubeIDE_1.19.0/STM32CubeIDE/plugins/com.st.stm32cube.ide.mcu.externaltools.gnu-tools-for-stm32.13.3.rel1.win32_1.0.0.202411081344/tools/bin/../lib/gcc/arm-none-eabi/13.3.1/../../../../arm-none-eabi/lib/thumb/v8-m.main+fp/hard\libc_nano.a(libc_a-reent.o)
 .ARM.attributes
                0x00000984       0x38 C:/Users/HP/OneDrive/Skrivbord/STM32CubeIDE_1.19.0/STM32CubeIDE/plugins/com.st.stm32cube.ide.mcu.externaltools.gnu-tools-for-stm32.13.3.rel1.win32_1.0.0.202411081344/tools/bin/../lib/gcc/arm-none-eabi/13.3.1/../../../../arm-none-eabi/lib/thumb/v8-m.main+fp/hard\libc_nano.a(libc_a-impure.o)
 .ARM.attributes
                0x000009bc       0x38 C:/Users/HP/OneDrive/Skrivbord/STM32CubeIDE_1.19.0/STM32CubeIDE/plugins/com.st.stm32cube.ide.mcu.externaltools.gnu-tools-for-stm32.13.3.rel1.win32_1.0.0.202411081344/tools/bin/../lib/gcc/arm-none-eabi/13.3.1/../../../../arm-none-eabi/lib/thumb/v8-m.main+fp/hard\libc_nano.a(libc_a-lseekr.o)
 .ARM.attributes